Component: ARM Compiler 5.06 update 6 (build 750) Tool: armlink [4d35ed]

==============================================================================

Section Cross References

    startup_stm32g030xx.o(STACK) refers (Special) to heapauxi.o(.text) for __use_two_region_memory
    startup_stm32g030xx.o(HEAP) refers (Special) to heapauxi.o(.text) for __use_two_region_memory
    startup_stm32g030xx.o(RESET) refers (Special) to heapauxi.o(.text) for __use_two_region_memory
    startup_stm32g030xx.o(RESET) refers to startup_stm32g030xx.o(STACK) for __initial_sp
    startup_stm32g030xx.o(RESET) refers to startup_stm32g030xx.o(.text) for Reset_Handler
    startup_stm32g030xx.o(RESET) refers to stm32g0xx_it.o(i.NMI_Handler) for NMI_Handler
    startup_stm32g030xx.o(RESET) refers to stm32g0xx_it.o(i.HardFault_Handler) for HardFault_Handler
    startup_stm32g030xx.o(RESET) refers to stm32g0xx_it.o(i.SVC_Handler) for SVC_Handler
    startup_stm32g030xx.o(RESET) refers to stm32g0xx_it.o(i.PendSV_Handler) for PendSV_Handler
    startup_stm32g030xx.o(RESET) refers to stm32g0xx_it.o(i.SysTick_Handler) for SysTick_Handler
    startup_stm32g030xx.o(RESET) refers to stm32g0xx_it.o(i.DMA1_Channel1_IRQHandler) for DMA1_Channel1_IRQHandler
    startup_stm32g030xx.o(RESET) refers to stm32g0xx_it.o(i.DMA1_Channel2_3_IRQHandler) for DMA1_Channel2_3_IRQHandler
    startup_stm32g030xx.o(RESET) refers to stm32g0xx_it.o(i.ADC1_IRQHandler) for ADC1_IRQHandler
    startup_stm32g030xx.o(RESET) refers to stm32g0xx_it.o(i.TIM1_BRK_UP_TRG_COM_IRQHandler) for TIM1_BRK_UP_TRG_COM_IRQHandler
    startup_stm32g030xx.o(RESET) refers to stm32g0xx_it.o(i.TIM1_CC_IRQHandler) for TIM1_CC_IRQHandler
    startup_stm32g030xx.o(RESET) refers to stm32g0xx_it.o(i.USART1_IRQHandler) for USART1_IRQHandler
    startup_stm32g030xx.o(.text) refers (Special) to heapauxi.o(.text) for __use_two_region_memory
    startup_stm32g030xx.o(.text) refers to system_stm32g0xx.o(i.SystemInit) for SystemInit
    startup_stm32g030xx.o(.text) refers to __main.o(!!!main) for __main
    startup_stm32g030xx.o(.text) refers to startup_stm32g030xx.o(HEAP) for Heap_Mem
    startup_stm32g030xx.o(.text) refers to startup_stm32g030xx.o(STACK) for Stack_Mem
    main.o(i.SystemClock_Config) refers to rt_memclr.o(.text) for __aeabi_memclr4
    main.o(i.SystemClock_Config) refers to stm32g0xx_hal_pwr_ex.o(i.HAL_PWREx_ControlVoltageScaling) for HAL_PWREx_ControlVoltageScaling
    main.o(i.SystemClock_Config) refers to stm32g0xx_hal_rcc.o(i.HAL_RCC_OscConfig) for HAL_RCC_OscConfig
    main.o(i.SystemClock_Config) refers to main.o(i.Error_Handler) for Error_Handler
    main.o(i.SystemClock_Config) refers to stm32g0xx_hal_rcc.o(i.HAL_RCC_ClockConfig) for HAL_RCC_ClockConfig
    main.o(i.main) refers to stm32g0xx_hal.o(i.HAL_Init) for HAL_Init
    main.o(i.main) refers to main.o(i.SystemClock_Config) for SystemClock_Config
    main.o(i.main) refers to gpio.o(i.MX_GPIO_Init) for MX_GPIO_Init
    main.o(i.main) refers to dma.o(i.MX_DMA_Init) for MX_DMA_Init
    main.o(i.main) refers to adc.o(i.MX_ADC1_Init) for MX_ADC1_Init
    main.o(i.main) refers to usart.o(i.MX_USART1_UART_Init) for MX_USART1_UART_Init
    main.o(i.main) refers to tim.o(i.MX_TIM3_Init) for MX_TIM3_Init
    main.o(i.main) refers to crc.o(i.MX_CRC_Init) for MX_CRC_Init
    main.o(i.main) refers to tim.o(i.MX_TIM1_Init) for MX_TIM1_Init
    main.o(i.main) refers to usart_dispose.o(i.X_Start_IDLE_DMA) for X_Start_IDLE_DMA
    main.o(i.main) refers to stm32g0xx_hal_adc_ex.o(i.HAL_ADCEx_Calibration_Start) for HAL_ADCEx_Calibration_Start
    main.o(i.main) refers to stm32g0xx_hal.o(i.HAL_Delay) for HAL_Delay
    main.o(i.main) refers to stm32g0xx_hal_adc.o(i.HAL_ADC_Start_DMA) for HAL_ADC_Start_DMA
    main.o(i.main) refers to stm32g0xx_hal_tim.o(i.HAL_TIM_Base_Start) for HAL_TIM_Base_Start
    main.o(i.main) refers to stm32g0xx_hal_tim.o(i.HAL_TIM_Base_Start_IT) for HAL_TIM_Base_Start_IT
    main.o(i.main) refers to adc.o(.bss) for hadc1
    main.o(i.main) refers to tim.o(.bss) for htim3
    gpio.o(i.MX_GPIO_Init) refers to rt_memclr.o(.text) for __aeabi_memclr4
    gpio.o(i.MX_GPIO_Init) refers to stm32g0xx_hal_gpio.o(i.HAL_GPIO_WritePin) for HAL_GPIO_WritePin
    gpio.o(i.MX_GPIO_Init) refers to stm32g0xx_hal_gpio.o(i.HAL_GPIO_Init) for HAL_GPIO_Init
    adc.o(i.HAL_ADC_MspDeInit) refers to stm32g0xx_hal_gpio.o(i.HAL_GPIO_DeInit) for HAL_GPIO_DeInit
    adc.o(i.HAL_ADC_MspDeInit) refers to stm32g0xx_hal_dma.o(i.HAL_DMA_DeInit) for HAL_DMA_DeInit
    adc.o(i.HAL_ADC_MspDeInit) refers to stm32g0xx_hal_cortex.o(i.HAL_NVIC_DisableIRQ) for HAL_NVIC_DisableIRQ
    adc.o(i.HAL_ADC_MspInit) refers to rt_memclr.o(.text) for __aeabi_memclr4
    adc.o(i.HAL_ADC_MspInit) refers to stm32g0xx_hal_gpio.o(i.HAL_GPIO_Init) for HAL_GPIO_Init
    adc.o(i.HAL_ADC_MspInit) refers to stm32g0xx_hal_dma.o(i.HAL_DMA_Init) for HAL_DMA_Init
    adc.o(i.HAL_ADC_MspInit) refers to main.o(i.Error_Handler) for Error_Handler
[...]
    ..\Drivers\STM32G0xx_HAL_Driver\Src\stm32g0xx_hal_dma_ex.c 0x00000000   Number         0  stm32g0xx_hal_dma_ex.o ABSOLUTE
    ..\Drivers\STM32G0xx_HAL_Driver\Src\stm32g0xx_hal_exti.c 0x00000000   Number         0  stm32g0xx_hal_exti.o ABSOLUTE
    ..\Drivers\STM32G0xx_HAL_Driver\Src\stm32g0xx_hal_flash.c 0x00000000   Number         0  stm32g0xx_hal_flash.o ABSOLUTE
    ..\Drivers\STM32G0xx_HAL_Driver\Src\stm32g0xx_hal_flash_ex.c 0x00000000   Number         0  stm32g0xx_hal_flash_ex.o ABSOLUTE
    ..\Drivers\STM32G0xx_HAL_Driver\Src\stm32g0xx_hal_gpio.c 0x00000000   Number         0  stm32g0xx_hal_gpio.o ABSOLUTE
    ..\Drivers\STM32G0xx_HAL_Driver\Src\stm32g0xx_hal_pwr.c 0x00000000   Number         0  stm32g0xx_hal_pwr.o ABSOLUTE
    ..\Drivers\STM32G0xx_HAL_Driver\Src\stm32g0xx_hal_pwr_ex.c 0x00000000   Number         0  stm32g0xx_hal_pwr_ex.o ABSOLUTE
    ..\Drivers\STM32G0xx_HAL_Driver\Src\stm32g0xx_hal_rcc.c 0x00000000   Number         0  stm32g0xx_hal_rcc.o ABSOLUTE
    ..\Drivers\STM32G0xx_HAL_Driver\Src\stm32g0xx_hal_rcc_ex.c 0x00000000   Number         0  stm32g0xx_hal_rcc_ex.o ABSOLUTE
    ..\Drivers\STM32G0xx_HAL_Driver\Src\stm32g0xx_hal_tim.c 0x00000000   Number         0  stm32g0xx_hal_tim.o ABSOLUTE
    ..\Drivers\STM32G0xx_HAL_Driver\Src\stm32g0xx_hal_tim_ex.c 0x00000000   Number         0  stm32g0xx_hal_tim_ex.o ABSOLUTE
    ..\Drivers\STM32G0xx_HAL_Driver\Src\stm32g0xx_hal_uart.c 0x00000000   Number         0  stm32g0xx_hal_uart.o ABSOLUTE
    ..\Drivers\STM32G0xx_HAL_Driver\Src\stm32g0xx_hal_uart_ex.c 0x00000000   Number         0  stm32g0xx_hal_uart_ex.o ABSOLUTE
    ..\\my_code\\modbus.c                    0x00000000   Number         0  modbus.o ABSOLUTE
    ..\\my_code\\usart_dispose.c             0x00000000   Number         0  usart_dispose.o ABSOLUTE
    ..\my_code\AT_Order.c                    0x00000000   Number         0  at_order.o ABSOLUTE
    ..\my_code\modbus.c                      0x00000000   Number         0  modbus.o ABSOLUTE
    ..\my_code\usart_dispose.c               0x00000000   Number         0  usart_dispose.o ABSOLUTE
    dc.s                                     0x00000000   Number         0  dc.o ABSOLUTE
    startup_stm32g030xx.s                    0x00000000   Number         0  startup_stm32g030xx.o ABSOLUTE
    RESET                                    0x08000000   Section      192  startup_stm32g030xx.o(RESET)
    !!!main                                  0x080000c0   Section        8  __main.o(!!!main)
    !!!scatter                               0x080000c8   Section       60  __scatter.o(!!!scatter)
    !!handler_copy                           0x08000104   Section       26  __scatter_copy.o(!!handler_copy)
    !!handler_zi                             0x08000120   Section       28  __scatter_zi.o(!!handler_zi)
    .ARM.Collect$$libinit$$00000000          0x0800013c   Section        2  libinit.o(.ARM.Collect$$libinit$$00000000)
    .ARM.Collect$$libinit$$00000002          0x0800013e   Section        0  libinit2.o(.ARM.Collect$$libinit$$00000002)
    .ARM.Collect$$libinit$$00000004          0x0800013e   Section        0  libinit2.o(.ARM.Collect$$libinit$$00000004)
    .ARM.Collect$$libinit$$0000000A          0x0800013e   Section        0  libinit2.o(.ARM.Collect$$libinit$$0000000A)
    .ARM.Collect$$libinit$$0000000C          0x0800013e   Section        0  libinit2.o(.ARM.Collect$$libinit$$0000000C)
    .ARM.Collect$$libinit$$0000000E          0x0800013e   Section        0  libinit2.o(.ARM.Collect$$libinit$$0000000E)
    .ARM.Collect$$libinit$$00000011          0x0800013e   Section        0  libinit2.o(.ARM.Collect$$libinit$$00000011)
    .ARM.Collect$$libinit$$00000013          0x0800013e   Section        0  libinit2.o(.ARM.Collect$$libinit$$00000013)
    .ARM.Collect$$libinit$$00000015          0x0800013e   Section        0  libinit2.o(.ARM.Collect$$libinit$$00000015)
    .ARM.Collect$$libinit$$00000017          0x0800013e   Section        0  libinit2.o(.ARM.Collect$$libinit$$00000017)
    .ARM.Collect$$libinit$$00000019          0x0800013e   Section        0  libinit2.o(.ARM.Collect$$libinit$$00000019)
    .ARM.Collect$$libinit$$0000001B          0x0800013e   Section        0  libinit2.o(.ARM.Collect$$libinit$$0000001B)
    .ARM.Collect$$libinit$$0000001D          0x0800013e   Section        0  libinit2.o(.ARM.Collect$$libinit$$0000001D)
    .ARM.Collect$$libinit$$0000001F          0x0800013e   Section        0  libinit2.o(.ARM.Collect$$libinit$$0000001F)
    .ARM.Collect$$libinit$$00000021          0x0800013e   Section        0  libinit2.o(.ARM.Collect$$libinit$$00000021)
    .ARM.Collect$$libinit$$00000023          0x0800013e   Section        0  libinit2.o(.ARM.Collect$$libinit$$00000023)
    .ARM.Collect$$libinit$$00000025          0x0800013e   Section        0  libinit2.o(.ARM.Collect$$libinit$$00000025)
    .ARM.Collect$$libinit$$0000002C          0x0800013e   Section        0  libinit2.o(.ARM.Collect$$libinit$$0000002C)
    .ARM.Collect$$libinit$$0000002E          0x0800013e   Section        0  libinit2.o(.ARM.Collect$$libinit$$0000002E)
    .ARM.Collect$$libinit$$00000030          0x0800013e   Section        0  libinit2.o(.ARM.Collect$$libinit$$00000030)
    .ARM.Collect$$libinit$$00000032          0x0800013e   Section        0  libinit2.o(.ARM.Collect$$libinit$$00000032)
    .ARM.Collect$$libinit$$00000033          0x0800013e   Section        2  libinit2.o(.ARM.Collect$$libinit$$00000033)
    .ARM.Collect$$libshutdown$$00000000      0x08000140   Section        2  libshutdown.o(.ARM.Collect$$libshutdown$$00000000)
    .ARM.Collect$$libshutdown$$00000002      0x08000142   Section        0  libshutdown2.o(.ARM.Collect$$libshutdown$$00000002)
    .ARM.Collect$$libshutdown$$00000004      0x08000142   Section        0  libshutdown2.o(.ARM.Collect$$libshutdown$$00000004)
    .ARM.Collect$$libshutdown$$00000007      0x08000142   Section        0  libshutdown2.o(.ARM.Collect$$libshutdown$$00000007)
    .ARM.Collect$$libshutdown$$0000000A      0x08000142   Section        0  libshutdown2.o(.ARM.Collect$$libshutdown$$0000000A)
    .ARM.Collect$$libshutdown$$0000000C      0x08000142   Section        0  libshutdown2.o(.ARM.Collect$$libshutdown$$0000000C)
    .ARM.Collect$$libshutdown$$0000000F      0x08000142   Section        0  libshutdown2.o(.ARM.Collect$$libshutdown$$0000000F)
    .ARM.Collect$$libshutdown$$00000010      0x08000142   Section        2  libshutdown2.o(.ARM.Collect$$libshutdown$$00000010)
    .ARM.Collect$$rtentry$$00000000          0x08000144   Section        0  __rtentry.o(.ARM.Collect$$rtentry$$00000000)
    .ARM.Collect$$rtentry$$00000002          0x08000144   Section        0  __rtentry2.o(.ARM.Collect$$rtentry$$00000002)
    .ARM.Collect$$rtentry$$00000004          0x08000144   Section        6  __rtentry4.o(.ARM.Collect$$rtentry$$00000004)
    .ARM.Collect$$rtentry$$00000009          0x0800014a   Section        0  __rtentry2.o(.ARM.Collect$$rtentry$$00000009)
    .ARM.Collect$$rtentry$$0000000A          0x0800014a   Section        4  __rtentry2.o(.ARM.Collect$$rtentry$$0000000A)
    .ARM.Collect$$rtentry$$0000000C          0x0800014e   Section        0  __rtentry2.o(.ARM.Collect$$rtentry$$0000000C)
    .ARM.Collect$$rtentry$$0000000D          0x0800014e   Section        8  __rtentry2.o(.ARM.Collect$$rtentry$$0000000D)
    .ARM.Collect$$rtexit$$00000000           0x08000156   Section        2  rtexit.o(.ARM.Collect$$rtexit$$00000000)
    .ARM.Collect$$rtexit$$00000002           0x08000158   Section        0  rtexit2.o(.ARM.Collect$$rtexit$$00000002)
    .ARM.Collect$$rtexit$$00000003           0x08000158   Section        4  rtexit2.o(.ARM.Collect$$rtexit$$00000003)
    .ARM.Collect$$rtexit$$00000004           0x0800015c   Section        6  rtexit2.o(.ARM.Collect$$rtexit$$00000004)
    .text                                    0x08000164   Section       56  startup_stm32g030xx.o(.text)
    .text                                    0x0800019c   Section        0  rt_memclr.o(.text)
    .text                                    0x080001dc   Section        0  uread4.o(.text)
    .text                                    0x080001fe   Section        0  uwrite4.o(.text)
    .text                                    0x0800020e   Section      346  aeabi_sdiv.o(.text)
    .text                                    0x08000368   Section        0  heapauxi.o(.text)
    .text                                    0x0800036e   Section       62  sys_stackheap_outer.o(.text)
    .text                                    0x080003ac   Section        0  exit.o(.text)
    .text                                    0x080003bc   Section        8  libspace.o(.text)
    .text                                    0x080003c4   Section        0  sys_exit.o(.text)
    .text                                    0x080003d0   Section        2  use_no_semi.o(.text)
    .text                                    0x080003d2   Section        0  indicate_semi.o(.text)
    i.ADC1_IRQHandler                        0x080003d4   Section        0  stm32g0xx_it.o(i.ADC1_IRQHandler)
    i.ADC_DMAConvCplt                        0x080003e4   Section        0  stm32g0xx_hal_adc.o(i.ADC_DMAConvCplt)
    ADC_DMAConvCplt                          0x080003e5   Thumb Code   144  stm32g0xx_hal_adc.o(i.ADC_DMAConvCplt)
    i.ADC_DMAError                           0x08000474   Section        0  stm32g0xx_hal_adc.o(i.ADC_DMAError)
    ADC_DMAError                             0x08000475   Thumb Code    30  stm32g0xx_hal_adc.o(i.ADC_DMAError)
    i.ADC_DMAHalfConvCplt                    0x08000492   Section        0  stm32g0xx_hal_adc.o(i.ADC_DMAHalfConvCplt)
    ADC_DMAHalfConvCplt                      0x08000493   Thumb Code    14  stm32g0xx_hal_adc.o(i.ADC_DMAHalfConvCplt)
    i.ADC_Disable                            0x080004a0   Section        0  stm32g0xx_hal_adc.o(i.ADC_Disable)
    i.ADC_Enable                             0x0800052c   Section        0  stm32g0xx_hal_adc.o(i.ADC_Enable)
    i.CRC_Handle_16                          0x08000604   Section        0  stm32g0xx_hal_crc.o(i.CRC_Handle_16)
    CRC_Handle_16                            0x08000605   Thumb Code    60  stm32g0xx_hal_crc.o(i.CRC_Handle_16)
    i.CRC_Handle_8                           0x08000640   Section        0  stm32g0xx_hal_crc.o(i.CRC_Handle_8)
    CRC_Handle_8                             0x08000641   Thumb Code   150  stm32g0xx_hal_crc.o(i.CRC_Handle_8)
    i.DMA1_Channel1_IRQHandler               0x080006d8   Section        0  stm32g0xx_it.o(i.DMA1_Channel1_IRQHandler)
    i.DMA1_Channel2_3_IRQHandler             0x080006e8   Section        0  stm32g0xx_it.o(i.DMA1_Channel2_3_IRQHandler)
    i.DMA_CalcDMAMUXChannelBaseAndMask       0x08000700   Section        0  stm32g0xx_hal_dma.o(i.DMA_CalcDMAMUXChannelBaseAndMask)
    DMA_CalcDMAMUXChannelBaseAndMask         0x08000701   Thumb Code    48  stm32g0xx_hal_dma.o(i.DMA_CalcDMAMUXChannelBaseAndMask)
    i.DMA_CalcDMAMUXRequestGenBaseAndMask    0x08000734   Section        0  stm32g0xx_hal_dma.o(i.DMA_CalcDMAMUXRequestGenBaseAndMask)
    DMA_CalcDMAMUXRequestGenBaseAndMask      0x08000735   Thumb Code    36  stm32g0xx_hal_dma.o(i.DMA_CalcDMAMUXRequestGenBaseAndMask)
    i.DMA_SetConfig                          0x0800075c   Section        0  stm32g0xx_hal_dma.o(i.DMA_SetConfig)
    DMA_SetConfig                            0x0800075d   Thumb Code    70  stm32g0xx_hal_dma.o(i.DMA_SetConfig)
    i.Error_Handler                          0x080007a8   Section        0  main.o(i.Error_Handler)
    i.HAL_ADCEx_Calibration_Start            0x080007b0   Section        0  stm32g0xx_hal_adc_ex.o(i.HAL_ADCEx_Calibration_Start)
    i.HAL_ADCEx_ChannelConfigReadyCallback   0x08000914   Section        0  stm32g0xx_hal_adc_ex.o(i.HAL_ADCEx_ChannelConfigReadyCallback)
    i.HAL_ADCEx_EndOfSamplingCallback        0x08000916   Section        0  stm32g0xx_hal_adc_ex.o(i.HAL_ADCEx_EndOfSamplingCallback)
    i.HAL_ADCEx_LevelOutOfWindow2Callback    0x08000918   Section        0  stm32g0xx_hal_adc_ex.o(i.HAL_ADCEx_LevelOutOfWindow2Callback)
    i.HAL_ADCEx_LevelOutOfWindow3Callback    0x0800091a   Section        0  stm32g0xx_hal_adc_ex.o(i.HAL_ADCEx_LevelOutOfWindow3Callback)
    i.HAL_ADC_ConfigChannel                  0x0800091c   Section        0  stm32g0xx_hal_adc.o(i.HAL_ADC_ConfigChannel)
    i.HAL_ADC_ConvCpltCallback               0x08000c80   Section        0  adc.o(i.HAL_ADC_ConvCpltCallback)
    i.HAL_ADC_ConvHalfCpltCallback           0x08000c9c   Section        0  stm32g0xx_hal_adc.o(i.HAL_ADC_ConvHalfCpltCallback)
    i.HAL_ADC_ErrorCallback                  0x08000c9e   Section        0  stm32g0xx_hal_adc.o(i.HAL_ADC_ErrorCallback)
    i.HAL_ADC_IRQHandler                     0x08000ca0   Section        0  stm32g0xx_hal_adc.o(i.HAL_ADC_IRQHandler)
    i.HAL_ADC_Init                           0x08000e48   Section        0  stm32g0xx_hal_adc.o(i.HAL_ADC_Init)
    i.HAL_ADC_LevelOutOfWindowCallback       0x080010e0   Section        0  stm32g0xx_hal_adc.o(i.HAL_ADC_LevelOutOfWindowCallback)
    i.HAL_ADC_MspInit                        0x080010e4   Section        0  adc.o(i.HAL_ADC_MspInit)
    i.HAL_ADC_Start_DMA                      0x080011b0   Section        0  stm32g0xx_hal_adc.o(i.HAL_ADC_Start_DMA)
    i.HAL_CRCEx_Polynomial_Set               0x0800127c   Section        0  stm32g0xx_hal_crc_ex.o(i.HAL_CRCEx_Polynomial_Set)
    i.HAL_CRC_Calculate                      0x080012e6   Section        0  stm32g0xx_hal_crc.o(i.HAL_CRC_Calculate)
    i.HAL_CRC_Init                           0x08001354   Section        0  stm32g0xx_hal_crc.o(i.HAL_CRC_Init)
    i.HAL_CRC_MspInit                        0x080013e0   Section        0  crc.o(i.HAL_CRC_MspInit)
    i.HAL_DMA_Abort                          0x08001410   Section        0  stm32g0xx_hal_dma.o(i.HAL_DMA_Abort)
    i.HAL_DMA_Abort_IT                       0x080014a8   Section        0  stm32g0xx_hal_dma.o(i.HAL_DMA_Abort_IT)
    i.HAL_DMA_IRQHandler                     0x0800153c   Section        0  stm32g0xx_hal_dma.o(i.HAL_DMA_IRQHandler)
    i.HAL_DMA_Init                           0x0800165c   Section        0  stm32g0xx_hal_dma.o(i.HAL_DMA_Init)
    i.HAL_DMA_Start_IT                       0x0800171c   Section        0  stm32g0xx_hal_dma.o(i.HAL_DMA_Start_IT)
    i.HAL_Delay                              0x080017e8   Section        0  stm32g0xx_hal.o(i.HAL_Delay)
    i.HAL_GPIO_Init                          0x08001814   Section        0  stm32g0xx_hal_gpio.o(i.HAL_GPIO_Init)
    i.HAL_GPIO_TogglePin                     0x080019ec   Section        0  stm32g0xx_hal_gpio.o(i.HAL_GPIO_TogglePin)
    i.HAL_GPIO_WritePin                      0x08001a00   Section        0  stm32g0xx_hal_gpio.o(i.HAL_GPIO_WritePin)
    i.HAL_GetTick                            0x08001a0c   Section        0  stm32g0xx_hal.o(i.HAL_GetTick)
    i.HAL_IncTick                            0x08001a18   Section        0  stm32g0xx_hal.o(i.HAL_IncTick)
    i.HAL_Init                               0x08001a30   Section        0  stm32g0xx_hal.o(i.HAL_Init)
    i.HAL_InitTick                           0x08001a5c   Section        0  stm32g0xx_hal.o(i.HAL_InitTick)
    i.HAL_MspInit                            0x08001abc   Section        0  stm32g0xx_hal_msp.o(i.HAL_MspInit)
    i.HAL_NVIC_EnableIRQ                     0x08001b0c   Section        0  stm32g0xx_hal_cortex.o(i.HAL_NVIC_EnableIRQ)
    i.HAL_NVIC_SetPriority                   0x08001b30   Section        0  stm32g0xx_hal_cortex.o(i.HAL_NVIC_SetPriority)
    i.HAL_PWREx_ControlVoltageScaling        0x08001b44   Section        0  stm32g0xx_hal_pwr_ex.o(i.HAL_PWREx_ControlVoltageScaling)
    i.HAL_RCCEx_PeriphCLKConfig              0x08001b9c   Section        0  stm32g0xx_hal_rcc_ex.o(i.HAL_RCCEx_PeriphCLKConfig)
    i.HAL_RCC_ClockConfig                    0x08001d84   Section        0  stm32g0xx_hal_rcc.o(i.HAL_RCC_ClockConfig)
    i.HAL_RCC_GetHCLKFreq                    0x08001f58   Section        0  stm32g0xx_hal_rcc.o(i.HAL_RCC_GetHCLKFreq)
    i.HAL_RCC_GetPCLK1Freq                   0x08001f64   Section        0  stm32g0xx_hal_rcc.o(i.HAL_RCC_GetPCLK1Freq)
    i.HAL_RCC_GetSysClockFreq                0x08001f8c   Section        0  stm32g0xx_hal_rcc.o(i.HAL_RCC_GetSysClockFreq)
    i.HAL_RCC_OscConfig                      0x08002070   Section        0  stm32g0xx_hal_rcc.o(i.HAL_RCC_OscConfig)
    i.HAL_SYSCFG_EnableRemap                 0x0800261c   Section        0  stm32g0xx_hal.o(i.HAL_SYSCFG_EnableRemap)
    i.HAL_SYSTICK_Config                     0x0800262c   Section        0  stm32g0xx_hal_cortex.o(i.HAL_SYSTICK_Config)
    i.HAL_TIMEx_Break2Callback               0x08002664   Section        0  stm32g0xx_hal_tim_ex.o(i.HAL_TIMEx_Break2Callback)
    i.HAL_TIMEx_BreakCallback                0x08002666   Section        0  stm32g0xx_hal_tim_ex.o(i.HAL_TIMEx_BreakCallback)
    i.HAL_TIMEx_CommutCallback               0x08002668   Section        0  stm32g0xx_hal_tim_ex.o(i.HAL_TIMEx_CommutCallback)
    i.HAL_TIMEx_MasterConfigSynchronization  0x0800266c   Section        0  stm32g0xx_hal_tim_ex.o(i.HAL_TIMEx_MasterConfigSynchronization)
    i.HAL_TIM_Base_Init                      0x080026f8   Section        0  stm32g0xx_hal_tim.o(i.HAL_TIM_Base_Init)
    i.HAL_TIM_Base_MspInit                   0x08002764   Section        0  tim.o(i.HAL_TIM_Base_MspInit)
    i.HAL_TIM_Base_Start                     0x080027e4   Section        0  stm32g0xx_hal_tim.o(i.HAL_TIM_Base_Start)
    i.HAL_TIM_Base_Start_IT                  0x08002844   Section        0  stm32g0xx_hal_tim.o(i.HAL_TIM_Base_Start_IT)
    i.HAL_TIM_ConfigClockSource              0x080028b0   Section        0  stm32g0xx_hal_tim.o(i.HAL_TIM_ConfigClockSource)
    i.HAL_TIM_IC_CaptureCallback             0x080029c8   Section        0  stm32g0xx_hal_tim.o(i.HAL_TIM_IC_CaptureCallback)
    i.HAL_TIM_IRQHandler                     0x080029cc   Section        0  stm32g0xx_hal_tim.o(i.HAL_TIM_IRQHandler)
    i.HAL_TIM_OC_DelayElapsedCallback        0x08002bc4   Section        0  stm32g0xx_hal_tim.o(i.HAL_TIM_OC_DelayElapsedCallback)
    i.HAL_TIM_PWM_PulseFinishedCallback      0x08002bc6   Section        0  stm32g0xx_hal_tim.o(i.HAL_TIM_PWM_PulseFinishedCallback)
    i.HAL_TIM_PeriodElapsedCallback          0x08002bc8   Section        0  usart.o(i.HAL_TIM_PeriodElapsedCallback)
    i.HAL_TIM_TriggerCallback                0x08002cd0   Section        0  stm32g0xx_hal_tim.o(i.HAL_TIM_TriggerCallback)
    i.HAL_UARTEx_DisableFifoMode             0x08002cd2   Section        0  stm32g0xx_hal_uart_ex.o(i.HAL_UARTEx_DisableFifoMode)
    i.HAL_UARTEx_RxEventCallback             0x08002d26   Section        0  stm32g0xx_hal_uart.o(i.HAL_UARTEx_RxEventCallback)
    i.HAL_UARTEx_RxFifoFullCallback          0x08002d28   Section        0  stm32g0xx_hal_uart_ex.o(i.HAL_UARTEx_RxFifoFullCallback)
    i.HAL_UARTEx_SetRxFifoThreshold          0x08002d2a   Section        0  stm32g0xx_hal_uart_ex.o(i.HAL_UARTEx_SetRxFifoThreshold)
    i.HAL_UARTEx_SetTxFifoThreshold          0x08002d8a   Section        0  stm32g0xx_hal_uart_ex.o(i.HAL_UARTEx_SetTxFifoThreshold)
    i.HAL_UARTEx_TxFifoEmptyCallback         0x08002de8   Section        0  stm32g0xx_hal_uart_ex.o(i.HAL_UARTEx_TxFifoEmptyCallback)
    i.HAL_UARTEx_WakeupCallback              0x08002dea   Section        0  stm32g0xx_hal_uart_ex.o(i.HAL_UARTEx_WakeupCallback)
    i.HAL_UART_ErrorCallback                 0x08002dec   Section        0  stm32g0xx_hal_uart.o(i.HAL_UART_ErrorCallback)
    i.HAL_UART_IRQHandler                    0x08002df0   Section        0  stm32g0xx_hal_uart.o(i.HAL_UART_IRQHandler)
    i.HAL_UART_Init                          0x08003236   Section        0  stm32g0xx_hal_uart.o(i.HAL_UART_Init)
    i.HAL_UART_MspInit                       0x080032b8   Section        0  usart.o(i.HAL_UART_MspInit)
    i.HAL_UART_Receive_DMA                   0x080033ec   Section        0  stm32g0xx_hal_uart.o(i.HAL_UART_Receive_DMA)
    i.HAL_UART_RxCpltCallback                0x0800346c   Section        0  usart_dispose.o(i.HAL_UART_RxCpltCallback)
    i.HAL_UART_RxHalfCpltCallback            0x0800347c   Section        0  stm32g0xx_hal_uart.o(i.HAL_UART_RxHalfCpltCallback)
    i.HAL_UART_Transmit_DMA                  0x08003480   Section        0  stm32g0xx_hal_uart.o(i.HAL_UART_Transmit_DMA)
    i.HAL_UART_TxCpltCallback                0x0800354c   Section        0  usart_dispose.o(i.HAL_UART_TxCpltCallback)
    i.HAL_UART_TxHalfCpltCallback            0x0800354e   Section        0  stm32g0xx_hal_uart.o(i.HAL_UART_TxHalfCpltCallback)
    i.HardFault_Handler                      0x08003550   Section        0  stm32g0xx_it.o(i.HardFault_Handler)
    i.LL_ADC_Disable                         0x08003554   Section        0  stm32g0xx_hal_adc.o(i.LL_ADC_Disable)
    LL_ADC_Disable                           0x08003555   Thumb Code    12  stm32g0xx_hal_adc.o(i.LL_ADC_Disable)
    i.LL_ADC_Enable                          0x08003564   Section        0  stm32g0xx_hal_adc.o(i.LL_ADC_Enable)
    LL_ADC_Enable                            0x08003565   Thumb Code    12  stm32g0xx_hal_adc.o(i.LL_ADC_Enable)
    i.LL_ADC_GetCommonPathInternalCh         0x08003574   Section        0  stm32g0xx_hal_adc.o(i.LL_ADC_GetCommonPathInternalCh)
    LL_ADC_GetCommonPathInternalCh           0x08003575   Thumb Code    12  stm32g0xx_hal_adc.o(i.LL_ADC_GetCommonPathInternalCh)
    i.LL_ADC_IsDisableOngoing                0x08003580   Section        0  stm32g0xx_hal_adc.o(i.LL_ADC_IsDisableOngoing)
    LL_ADC_IsDisableOngoing                  0x08003581   Thumb Code    12  stm32g0xx_hal_adc.o(i.LL_ADC_IsDisableOngoing)
    i.LL_ADC_IsEnabled                       0x0800358c   Section        0  stm32g0xx_hal_adc.o(i.LL_ADC_IsEnabled)
    LL_ADC_IsEnabled                         0x0800358d   Thumb Code    16  stm32g0xx_hal_adc.o(i.LL_ADC_IsEnabled)
    i.LL_ADC_IsEnabled                       0x0800359c   Section        0  stm32g0xx_hal_adc_ex.o(i.LL_ADC_IsEnabled)
    LL_ADC_IsEnabled                         0x0800359d   Thumb Code    16  stm32g0xx_hal_adc_ex.o(i.LL_ADC_IsEnabled)
    i.LL_ADC_IsInternalRegulatorEnabled      0x080035ac   Section        0  stm32g0xx_hal_adc.o(i.LL_ADC_IsInternalRegulatorEnabled)
    LL_ADC_IsInternalRegulatorEnabled        0x080035ad   Thumb Code    14  stm32g0xx_hal_adc.o(i.LL_ADC_IsInternalRegulatorEnabled)
    i.LL_ADC_REG_IsConversionOngoing         0x080035ba   Section        0  stm32g0xx_hal_adc.o(i.LL_ADC_REG_IsConversionOngoing)
    LL_ADC_REG_IsConversionOngoing           0x080035bb   Thumb Code    12  stm32g0xx_hal_adc.o(i.LL_ADC_REG_IsConversionOngoing)
    i.LL_ADC_REG_IsTriggerSourceSWStart      0x080035c6   Section        0  stm32g0xx_hal_adc.o(i.LL_ADC_REG_IsTriggerSourceSWStart)
    LL_ADC_REG_IsTriggerSourceSWStart        0x080035c7   Thumb Code    22  stm32g0xx_hal_adc.o(i.LL_ADC_REG_IsTriggerSourceSWStart)
    i.LL_ADC_REG_StartConversion             0x080035dc   Section        0  stm32g0xx_hal_adc.o(i.LL_ADC_REG_StartConversion)
    LL_ADC_REG_StartConversion               0x080035dd   Thumb Code    12  stm32g0xx_hal_adc.o(i.LL_ADC_REG_StartConversion)
    i.LL_ADC_SetCommonPathInternalCh         0x080035ec   Section        0  stm32g0xx_hal_adc.o(i.LL_ADC_SetCommonPathInternalCh)
    LL_ADC_SetCommonPathInternalCh           0x080035ed   Thumb Code    14  stm32g0xx_hal_adc.o(i.LL_ADC_SetCommonPathInternalCh)
    i.LL_ADC_SetSamplingTimeCommonChannels   0x080035fa   Section        0  stm32g0xx_hal_adc.o(i.LL_ADC_SetSamplingTimeCommonChannels)
    LL_ADC_SetSamplingTimeCommonChannels     0x080035fb   Thumb Code    30  stm32g0xx_hal_adc.o(i.LL_ADC_SetSamplingTimeCommonChannels)
    i.MX_ADC1_Init                           0x08003618   Section        0  adc.o(i.MX_ADC1_Init)
    i.MX_CRC_Init                            0x08003738   Section        0  crc.o(i.MX_CRC_Init)
    i.MX_DMA_Init                            0x0800376c   Section        0  dma.o(i.MX_DMA_Init)
    i.MX_GPIO_Init                           0x080037b0   Section        0  gpio.o(i.MX_GPIO_Init)
    i.MX_TIM1_Init                           0x08003824   Section        0  tim.o(i.MX_TIM1_Init)
    i.MX_TIM3_Init                           0x080038a4   Section        0  tim.o(i.MX_TIM3_Init)
    i.MX_USART1_UART_Init                    0x08003924   Section        0  usart.o(i.MX_USART1_UART_Init)
    i.NMI_Handler                            0x08003998   Section        0  stm32g0xx_it.o(i.NMI_Handler)
    i.PendSV_Handler                         0x0800399c   Section        0  stm32g0xx_it.o(i.PendSV_Handler)
    i.SVC_Handler                            0x0800399e   Section        0  stm32g0xx_it.o(i.SVC_Handler)
    i.SysTick_Handler                        0x080039a0   Section        0  stm32g0xx_it.o(i.SysTick_Handler)
    i.SystemClock_Config                     0x080039a8   Section        0  main.o(i.SystemClock_Config)
    i.SystemInit                             0x08003a1e   Section        0  system_stm32g0xx.o(i.SystemInit)
    i.TIM1_BRK_UP_TRG_COM_IRQHandler         0x08003a20   Section        0  stm32g0xx_it.o(i.TIM1_BRK_UP_TRG_COM_IRQHandler)
    i.TIM1_CC_IRQHandler                     0x08003a30   Section        0  stm32g0xx_it.o(i.TIM1_CC_IRQHandler)
    i.TIM_Base_SetConfig                     0x08003a40   Section        0  stm32g0xx_hal_tim.o(i.TIM_Base_SetConfig)
    i.TIM_ETR_SetConfig                      0x08003ad0   Section        0  stm32g0xx_hal_tim.o(i.TIM_ETR_SetConfig)
    i.TIM_ITRx_SetConfig                     0x08003aec   Section        0  stm32g0xx_hal_tim.o(i.TIM_ITRx_SetConfig)
    TIM_ITRx_SetConfig                       0x08003aed   Thumb Code    18  stm32g0xx_hal_tim.o(i.TIM_ITRx_SetConfig)
    i.TIM_TI1_ConfigInputStage               0x08003b04   Section        0  stm32g0xx_hal_tim.o(i.TIM_TI1_ConfigInputStage)
    TIM_TI1_ConfigInputStage                 0x08003b05   Thumb Code    50  stm32g0xx_hal_tim.o(i.TIM_TI1_ConfigInputStage)
    i.TIM_TI2_ConfigInputStage               0x08003b36   Section        0  stm32g0xx_hal_tim.o(i.TIM_TI2_ConfigInputStage)
    TIM_TI2_ConfigInputStage                 0x08003b37   Thumb Code    50  stm32g0xx_hal_tim.o(i.TIM_TI2_ConfigInputStage)
    i.UARTEx_SetNbDataToProcess              0x08003b68   Section        0  stm32g0xx_hal_uart_ex.o(i.UARTEx_SetNbDataToProcess)
    UARTEx_SetNbDataToProcess                0x08003b69   Thumb Code    94  stm32g0xx_hal_uart_ex.o(i.UARTEx_SetNbDataToProcess)
    i.UART_AdvFeatureConfig                  0x08003bd0   Section        0  stm32g0xx_hal_uart.o(i.UART_AdvFeatureConfig)
    i.UART_CheckIdleState                    0x08003cc0   Section        0  stm32g0xx_hal_uart.o(i.UART_CheckIdleState)
    i.UART_DMAAbortOnError                   0x08003d3c   Section        0  stm32g0xx_hal_uart.o(i.UART_DMAAbortOnError)
    UART_DMAAbortOnError                     0x08003d3d   Thumb Code    24  stm32g0xx_hal_uart.o(i.UART_DMAAbortOnError)
    i.UART_DMAError                          0x08003d54   Section        0  stm32g0xx_hal_uart.o(i.UART_DMAError)
    UART_DMAError                            0x08003d55   Thumb Code    90  stm32g0xx_hal_uart.o(i.UART_DMAError)
    i.UART_DMAReceiveCplt                    0x08003dae   Section        0  stm32g0xx_hal_uart.o(i.UART_DMAReceiveCplt)
    UART_DMAReceiveCplt                      0x08003daf   Thumb Code   204  stm32g0xx_hal_uart.o(i.UART_DMAReceiveCplt)
    i.UART_DMARxHalfCplt                     0x08003e7a   Section        0  stm32g0xx_hal_uart.o(i.UART_DMARxHalfCplt)
    UART_DMARxHalfCplt                       0x08003e7b   Thumb Code    38  stm32g0xx_hal_uart.o(i.UART_DMARxHalfCplt)
    i.UART_DMATransmitCplt                   0x08003ea0   Section        0  stm32g0xx_hal_uart.o(i.UART_DMATransmitCplt)
    UART_DMATransmitCplt                     0x08003ea1   Thumb Code   100  stm32g0xx_hal_uart.o(i.UART_DMATransmitCplt)
    i.UART_DMATxHalfCplt                     0x08003f04   Section        0  stm32g0xx_hal_uart.o(i.UART_DMATxHalfCplt)
    UART_DMATxHalfCplt                       0x08003f05   Thumb Code    14  stm32g0xx_hal_uart.o(i.UART_DMATxHalfCplt)
    i.UART_EndRxTransfer                     0x08003f14   Section        0  stm32g0xx_hal_uart.o(i.UART_EndRxTransfer)
    UART_EndRxTransfer                       0x08003f15   Thumb Code   128  stm32g0xx_hal_uart.o(i.UART_EndRxTransfer)
    i.UART_EndTransmit_IT                    0x08003f98   Section        0  stm32g0xx_hal_uart.o(i.UART_EndTransmit_IT)
    UART_EndTransmit_IT                      0x08003f99   Thumb Code    56  stm32g0xx_hal_uart.o(i.UART_EndTransmit_IT)
    i.UART_EndTxTransfer                     0x08003fd0   Section        0  stm32g0xx_hal_uart.o(i.UART_EndTxTransfer)
    UART_EndTxTransfer                       0x08003fd1   Thumb Code    82  stm32g0xx_hal_uart.o(i.UART_EndTxTransfer)
    i.UART_SetConfig                         0x08004024   Section        0  stm32g0xx_hal_uart.o(i.UART_SetConfig)
    i.UART_Start_Receive_DMA                 0x08004208   Section        0  stm32g0xx_hal_uart.o(i.UART_Start_Receive_DMA)
    i.UART_WaitOnFlagUntilTimeout            0x080042f0   Section        0  stm32g0xx_hal_uart.o(i.UART_WaitOnFlagUntilTimeout)
    i.USART1_IRQHandler                      0x08004410   Section        0  stm32g0xx_it.o(i.USART1_IRQHandler)
    i.X_Start_IDLE_DMA                       0x08004424   Section        0  usart_dispose.o(i.X_Start_IDLE_DMA)
    i.X_UART1_Get_NewBuf                     0x08004458   Section        0  usart_dispose.o(i.X_UART1_Get_NewBuf)
    i.X_Uart_IDLE_IT_Dispose                 0x08004500   Section        0  usart_dispose.o(i.X_Uart_IDLE_IT_Dispose)
    i.__NVIC_SetPriority                     0x08004538   Section        0  stm32g0xx_hal_cortex.o(i.__NVIC_SetPriority)
    __NVIC_SetPriority                       0x08004539   Thumb Code   110  stm32g0xx_hal_cortex.o(i.__NVIC_SetPriority)
    i.__get_PRIMASK                          0x080045b0   Section        0  stm32g0xx_hal_uart.o(i.__get_PRIMASK)
    __get_PRIMASK                            0x080045b1   Thumb Code     6  stm32g0xx_hal_uart.o(i.__get_PRIMASK)
    i.__set_PRIMASK                          0x080045b6   Section        0  stm32g0xx_hal_uart.o(i.__set_PRIMASK)
    __set_PRIMASK                            0x080045b7   Thumb Code     6  stm32g0xx_hal_uart.o(i.__set_PRIMASK)
    i.main                                   0x080045bc   Section        0  main.o(i.main)
    .constdata                               0x0800461c   Section       30  stm32g0xx_hal_uart.o(.constdata)
    CHANNEL_OFFSET_TAB                       0x0800461c   Data           5  stm32g0xx_hal_uart.o(.constdata)
    .constdata                               0x0800463a   Section       21  stm32g0xx_hal_uart_ex.o(.constdata)
    CHANNEL_OFFSET_TAB                       0x0800463a   Data           5  stm32g0xx_hal_uart_ex.o(.constdata)
    numerator                                0x0800463f   Data           8  stm32g0xx_hal_uart_ex.o(.constdata)
    denominator                              0x08004647   Data           8  stm32g0xx_hal_uart_ex.o(.constdata)
    .constdata                               0x08004650   Section      104  system_stm32g0xx.o(.constdata)
    CHANNEL_OFFSET_TAB                       0x08004650   Data           5  system_stm32g0xx.o(.constdata)
    .data                                    0x20000000   Section        9  stm32g0xx_hal.o(.data)
    .data                                    0x2000000c   Section        4  system_stm32g0xx.o(.data)
    .data                                    0x20000010   Section       22  usart_dispose.o(.data)
    anay                                     0x2000001e   Data           2  usart_dispose.o(.data)
    anay                                     0x20000020   Data           2  usart_dispose.o(.data)
    anay                                     0x20000022   Data           2  usart_dispose.o(.data)
    delay                                    0x20000024   Data           2  usart_dispose.o(.data)
    .bss                                     0x20000028   Section      204  adc.o(.bss)
    .bss                                     0x200000f4   Section       36  crc.o(.bss)
    .bss                                     0x20000118   Section      152  tim.o(.bss)
    .bss                                     0x200001b0   Section      476  usart.o(.bss)
    .bss                                     0x2000038c   Section     1536  usart_dispose.o(.bss)
    .bss                                     0x2000098c   Section       96  libspace.o(.bss)
    HEAP                                     0x200009f0   Section     1024  startup_stm32g030xx.o(HEAP)
    Heap_Mem                                 0x200009f0   Data        1024  startup_stm32g030xx.o(HEAP)
    STACK                                    0x20000df0   Section     2048  startup_stm32g030xx.o(STACK)
    Stack_Mem                                0x20000df0   Data        2048  startup_stm32g030xx.o(STACK)
    __initial_sp                             0x200015f0   Data           0  startup_stm32g030xx.o(STACK)

    Global Symbols

    Symbol Name                              Value     Ov Type        Size  Object(Section)

    BuildAttributes$$THM_ISAv3M$S$PE$A:L22$X:L11$S22$IEEE1$IW$USESV6$~STKCKD$USESV7$~SHL$OSPACE$ROPI$EBA8$UX$STANDARDLIB$REQ8$PRES8$EABIv2 0x00000000   Number         0  anon$$obj.o ABSOLUTE
    __ARM_use_no_argv                        0x00000000   Number         0  main.o ABSOLUTE
    __ARM_exceptions_init                     - Undefined Weak Reference
    __alloca_initialize                       - Undefined Weak Reference
    __arm_preinit_                            - Undefined Weak Reference
    __cpp_initialize__aeabi_                  - Undefined Weak Reference
    __cxa_finalize                            - Undefined Weak Reference
    __rt_locale                               - Undefined Weak Reference
    __sigvec_lookup                           - Undefined Weak Reference
    _atexit_init                              - Undefined Weak Reference
    _call_atexit_fns                          - Undefined Weak Reference
    _clock_init                               - Undefined Weak Reference
    _fp_trap_init                             - Undefined Weak Reference
    _fp_trap_shutdown                         - Undefined Weak Reference
    _get_lc_collate                           - Undefined Weak Reference
    _get_lc_ctype                             - Undefined Weak Reference
    _get_lc_monetary                          - Undefined Weak Reference
    _get_lc_numeric                           - Undefined Weak Reference
    _get_lc_time                              - Undefined Weak Reference
    _getenv_init                              - Undefined Weak Reference
    _handle_redirection                       - Undefined Weak Reference
    _init_alloc                               - Undefined Weak Reference
    _init_user_alloc                          - Undefined Weak Reference
    _initio                                   - Undefined Weak Reference
    _rand_init                                - Undefined Weak Reference
    _signal_finish                            - Undefined Weak Reference
    _signal_init                              - Undefined Weak Reference
    _terminate_alloc                          - Undefined Weak Reference
    _terminate_user_alloc                     - Undefined Weak Reference
    _terminateio                              - Undefined Weak Reference
    __Vectors_Size                           0x000000c0   Number         0  startup_stm32g030xx.o ABSOLUTE
    __Vectors                                0x08000000   Data           4  startup_stm32g030xx.o(RESET)
    __Vectors_End                            0x080000c0   Data           0  startup_stm32g030xx.o(RESET)
    __main                                   0x080000c1   Thumb Code     8  __main.o(!!!main)
    __scatterload                            0x080000c9   Thumb Code     0  __scatter.o(!!!scatter)
    __scatterload_rt2                        0x080000c9   Thumb Code    52  __scatter.o(!!!scatter)
    __scatterload_rt2_thumb_only             0x080000c9   Thumb Code     0  __scatter.o(!!!scatter)
    __scatterload_null                       0x080000d9   Thumb Code     0  __scatter.o(!!!scatter)
    __scatterload_copy                       0x08000105   Thumb Code    26  __scatter_copy.o(!!handler_copy)
    __scatterload_zeroinit                   0x08000121   Thumb Code    28  __scatter_zi.o(!!handler_zi)
    __rt_lib_init                            0x0800013d   Thumb Code     0  libinit.o(.ARM.Collect$$libinit$$00000000)
    __rt_lib_init_alloca_1                   0x0800013f   Thumb Code     0  libinit2.o(.ARM.Collect$$libinit$$0000002E)
    __rt_lib_init_argv_1                     0x0800013f   Thumb Code     0  libinit2.o(.ARM.Collect$$libinit$$0000002C)
    __rt_lib_init_atexit_1                   0x0800013f   Thumb Code     0  libinit2.o(.ARM.Collect$$libinit$$0000001B)
    __rt_lib_init_clock_1                    0x0800013f   Thumb Code     0  libinit2.o(.ARM.Collect$$libinit$$00000021)
    __rt_lib_init_cpp_1                      0x0800013f   Thumb Code     0  libinit2.o(.ARM.Collect$$libinit$$00000032)
    __rt_lib_init_exceptions_1               0x0800013f   Thumb Code     0  libinit2.o(.ARM.Collect$$libinit$$00000030)
    __rt_lib_init_fp_1                       0x0800013f   Thumb Code     0  libinit2.o(.ARM.Collect$$libinit$$00000002)
    __rt_lib_init_fp_trap_1                  0x0800013f   Thumb Code     0  libinit2.o(.ARM.Collect$$libinit$$0000001F)
    __rt_lib_init_getenv_1                   0x0800013f   Thumb Code     0  libinit2.o(.ARM.Collect$$libinit$$00000023)
    __rt_lib_init_heap_1                     0x0800013f   Thumb Code     0  libinit2.o(.ARM.Collect$$libinit$$0000000A)
    __rt_lib_init_lc_collate_1               0x0800013f   Thumb Code     0  libinit2.o(.ARM.Collect$$libinit$$00000011)
    __rt_lib_init_lc_ctype_1                 0x0800013f   Thumb Code     0  libinit2.o(.ARM.Collect$$libinit$$00000013)
    __rt_lib_init_lc_monetary_1              0x0800013f   Thumb Code     0  libinit2.o(.ARM.Collect$$libinit$$00000015)
    __rt_lib_init_lc_numeric_1               0x0800013f   Thumb Code     0  libinit2.o(.ARM.Collect$$libinit$$00000017)
    __rt_lib_init_lc_time_1                  0x0800013f   Thumb Code     0  libinit2.o(.ARM.Collect$$libinit$$00000019)
    __rt_lib_init_preinit_1                  0x0800013f   Thumb Code     0  libinit2.o(.ARM.Collect$$libinit$$00000004)
    __rt_lib_init_rand_1                     0x0800013f   Thumb Code     0  libinit2.o(.ARM.Collect$$libinit$$0000000E)
    __rt_lib_init_return                     0x0800013f   Thumb Code     0  libinit2.o(.ARM.Collect$$libinit$$00000033)
    __rt_lib_init_signal_1                   0x0800013f   Thumb Code     0  libinit2.o(.ARM.Collect$$libinit$$0000001D)
    __rt_lib_init_stdio_1                    0x0800013f   Thumb Code     0  libinit2.o(.ARM.Collect$$libinit$$00000025)
    __rt_lib_init_user_alloc_1               0x0800013f   Thumb Code     0  libinit2.o(.ARM.Collect$$libinit$$0000000C)
    __rt_lib_shutdown                        0x08000141   Thumb Code     0  libshutdown.o(.ARM.Collect$$libshutdown$$00000000)
    __rt_lib_shutdown_cpp_1                  0x08000143   Thumb Code     0  libshutdown2.o(.ARM.Collect$$libshutdown$$00000002)
    __rt_lib_shutdown_fp_trap_1              0x08000143   Thumb Code     0  libshutdown2.o(.ARM.Collect$$libshutdown$$00000007)
    __rt_lib_shutdown_heap_1                 0x08000143   Thumb Code     0  libshutdown2.o(.ARM.Collect$$libshutdown$$0000000F)
    __rt_lib_shutdown_return                 0x08000143   Thumb Code     0  libshutdown2.o(.ARM.Collect$$libshutdown$$00000010)
    __rt_lib_shutdown_signal_1               0x08000143   Thumb Code     0  libshutdown2.o(.ARM.Collect$$libshutdown$$0000000A)
    __rt_lib_shutdown_stdio_1                0x08000143   Thumb Code     0  libshutdown2.o(.ARM.Collect$$libshutdown$$00000004)
    __rt_lib_shutdown_user_alloc_1           0x08000143   Thumb Code     0  libshutdown2.o(.ARM.Collect$$libshutdown$$0000000C)
    __rt_entry                               0x08000145   Thumb Code     0  __rtentry.o(.ARM.Collect$$rtentry$$00000000)
    __rt_entry_presh_1                       0x08000145   Thumb Code     0  __rtentry2.o(.ARM.Collect$$rtentry$$00000002)
    __rt_entry_sh                            0x08000145   Thumb Code     0  __rtentry4.o(.ARM.Collect$$rtentry$$00000004)
    __rt_entry_li                            0x0800014b   Thumb Code     0  __rtentry2.o(.ARM.Collect$$rtentry$$0000000A)
    __rt_entry_postsh_1                      0x0800014b   Thumb Code     0  __rtentry2.o(.ARM.Collect$$rtentry$$00000009)
    __rt_entry_main                          0x0800014f   Thumb Code     0  __rtentry2.o(.ARM.Collect$$rtentry$$0000000D)
    __rt_entry_postli_1                      0x0800014f   Thumb Code     0  __rtentry2.o(.ARM.Collect$$rtentry$$0000000C)
    __rt_exit                                0x08000157   Thumb Code     0  rtexit.o(.ARM.Collect$$rtexit$$00000000)
    __rt_exit_ls                             0x08000159   Thumb Code     0  rtexit2.o(.ARM.Collect$$rtexit$$00000003)
    __rt_exit_prels_1                        0x08000159   Thumb Code     0  rtexit2.o(.ARM.Collect$$rtexit$$00000002)
    __rt_exit_exit                           0x0800015d   Thumb Code     0  rtexit2.o(.ARM.Collect$$rtexit$$00000004)
    Reset_Handler                            0x08000165   Thumb Code     8  startup_stm32g030xx.o(.text)
    DMA1_Ch4_5_DMAMUX1_OVR_IRQHandler        0x08000177   Thumb Code     0  startup_stm32g030xx.o(.text)
    EXTI0_1_IRQHandler                       0x08000177   Thumb Code     0  startup_stm32g030xx.o(.text)
    EXTI2_3_IRQHandler                       0x08000177   Thumb Code     0  startup_stm32g030xx.o(.text)
    EXTI4_15_IRQHandler                      0x08000177   Thumb Code     0  startup_stm32g030xx.o(.text)
    FLASH_IRQHandler                         0x08000177   Thumb Code     0  startup_stm32g030xx.o(.text)
    I2C1_IRQHandler                          0x08000177   Thumb Code     0  startup_stm32g030xx.o(.text)
    I2C2_IRQHandler                          0x08000177   Thumb Code     0  startup_stm32g030xx.o(.text)
    RCC_IRQHandler                           0x08000177   Thumb Code     0  startup_stm32g030xx.o(.text)
    RTC_TAMP_IRQHandler                      0x08000177   Thumb Code     0  startup_stm32g030xx.o(.text)
    SPI1_IRQHandler                          0x08000177   Thumb Code     0  startup_stm32g030xx.o(.text)
    SPI2_IRQHandler                          0x08000177   Thumb Code     0  startup_stm32g030xx.o(.text)
    TIM14_IRQHandler                         0x08000177   Thumb Code     0  startup_stm32g030xx.o(.text)
    TIM16_IRQHandler                         0x08000177   Thumb Code     0  startup_stm32g030xx.o(.text)
    TIM17_IRQHandler                         0x08000177   Thumb Code     0  startup_stm32g030xx.o(.text)
    TIM3_IRQHandler                          0x08000177   Thumb Code     0  startup_stm32g030xx.o(.text)
    USART2_IRQHandler                        0x08000177   Thumb Code     0  startup_stm32g030xx.o(.text)
    WWDG_IRQHandler                          0x08000177   Thumb Code     0  startup_stm32g030xx.o(.text)
    __user_initial_stackheap                 0x08000179   Thumb Code     0  startup_stm32g030xx.o(.text)
    _memset_w                                0x0800019d   Thumb Code    26  rt_memclr.o(.text)
    _memset                                  0x080001b7   Thumb Code    30  rt_memclr.o(.text)
    __aeabi_memclr                           0x080001d5   Thumb Code     4  rt_memclr.o(.text)
    __rt_memclr                              0x080001d5   Thumb Code     0  rt_memclr.o(.text)
    __aeabi_memclr4                          0x080001d9   Thumb Code     0  rt_memclr.o(.text)
    __aeabi_memclr8                          0x080001d9   Thumb Code     0  rt_memclr.o(.text)
    __rt_memclr_w                            0x080001d9   Thumb Code     4  rt_memclr.o(.text)
    __aeabi_uread4                           0x080001dd   Thumb Code    34  uread4.o(.text)
    __rt_uread4                              0x080001dd   Thumb Code     0  uread4.o(.text)
    __aeabi_uwrite4                          0x080001ff   Thumb Code    16  uwrite4.o(.text)
    __rt_uwrite4                             0x080001ff   Thumb Code     0  uwrite4.o(.text)
    __aeabi_uidiv                            0x0800020f   Thumb Code     0  aeabi_sdiv.o(.text)
    __aeabi_uidivmod                         0x0800020f   Thumb Code    20  aeabi_sdiv.o(.text)
    __aeabi_idiv                             0x08000223   Thumb Code     0  aeabi_sdiv.o(.text)
    __aeabi_idivmod                          0x08000223   Thumb Code   326  aeabi_sdiv.o(.text)
    __use_two_region_memory                  0x08000369   Thumb Code     2  heapauxi.o(.text)
    __rt_heap_escrow$2region                 0x0800036b   Thumb Code     2  heapauxi.o(.text)
    __rt_heap_expand$2region                 0x0800036d   Thumb Code     2  heapauxi.o(.text)
    __user_setup_stackheap                   0x0800036f   Thumb Code    62  sys_stackheap_outer.o(.text)
    exit                                     0x080003ad   Thumb Code    16  exit.o(.text)
    __user_libspace                          0x080003bd   Thumb Code     8  libspace.o(.text)
    __user_perproc_libspace                  0x080003bd   Thumb Code     0  libspace.o(.text)
    __user_perthread_libspace                0x080003bd   Thumb Code     0  libspace.o(.text)
    _sys_exit                                0x080003c5   Thumb Code     8  sys_exit.o(.text)
    __I$use$semihosting                      0x080003d1   Thumb Code     0  use_no_semi.o(.text)
    __use_no_semihosting_swi                 0x080003d1   Thumb Code     2  use_no_semi.o(.text)
    __semihosting_library_function           0x080003d3   Thumb Code     0  indicate_semi.o(.text)
    ADC1_IRQHandler                          0x080003d5   Thumb Code    10  stm32g0xx_it.o(i.ADC1_IRQHandler)
    ADC_Disable                              0x080004a1   Thumb Code   138  stm32g0xx_hal_adc.o(i.ADC_Disable)
    ADC_Enable                               0x0800052d   Thumb Code   200  stm32g0xx_hal_adc.o(i.ADC_Enable)
    DMA1_Channel1_IRQHandler                 0x080006d9   Thumb Code    10  stm32g0xx_it.o(i.DMA1_Channel1_IRQHandler)
    DMA1_Channel2_3_IRQHandler               0x080006e9   Thumb Code    16  stm32g0xx_it.o(i.DMA1_Channel2_3_IRQHandler)
    Error_Handler                            0x080007a9   Thumb Code     6  main.o(i.Error_Handler)
    HAL_ADCEx_Calibration_Start              0x080007b1   Thumb Code   342  stm32g0xx_hal_adc_ex.o(i.HAL_ADCEx_Calibration_Start)
    HAL_ADCEx_ChannelConfigReadyCallback     0x08000915   Thumb Code     2  stm32g0xx_hal_adc_ex.o(i.HAL_ADCEx_ChannelConfigReadyCallback)
    HAL_ADCEx_EndOfSamplingCallback          0x08000917   Thumb Code     2  stm32g0xx_hal_adc_ex.o(i.HAL_ADCEx_EndOfSamplingCallback)
    HAL_ADCEx_LevelOutOfWindow2Callback      0x08000919   Thumb Code     2  stm32g0xx_hal_adc_ex.o(i.HAL_ADCEx_LevelOutOfWindow2Callback)
    HAL_ADCEx_LevelOutOfWindow3Callback      0x0800091b   Thumb Code     2  stm32g0xx_hal_adc_ex.o(i.HAL_ADCEx_LevelOutOfWindow3Callback)
    HAL_ADC_ConfigChannel                    0x0800091d   Thumb Code   838  stm32g0xx_hal_adc.o(i.HAL_ADC_ConfigChannel)
    HAL_ADC_ConvCpltCallback                 0x08000c81   Thumb Code    28  adc.o(i.HAL_ADC_ConvCpltCallback)
    HAL_ADC_ConvHalfCpltCallback             0x08000c9d   Thumb Code     2  stm32g0xx_hal_adc.o(i.HAL_ADC_ConvHalfCpltCallback)
    HAL_ADC_ErrorCallback                    0x08000c9f   Thumb Code     2  stm32g0xx_hal_adc.o(i.HAL_ADC_ErrorCallback)
    HAL_ADC_IRQHandler                       0x08000ca1   Thumb Code   424  stm32g0xx_hal_adc.o(i.HAL_ADC_IRQHandler)
    HAL_ADC_Init                             0x08000e49   Thumb Code   634  stm32g0xx_hal_adc.o(i.HAL_ADC_Init)
    HAL_ADC_LevelOutOfWindowCallback         0x080010e1   Thumb Code     2  stm32g0xx_hal_adc.o(i.HAL_ADC_LevelOutOfWindowCallback)
    HAL_ADC_MspInit                          0x080010e5   Thumb Code   188  adc.o(i.HAL_ADC_MspInit)
    HAL_ADC_Start_DMA                        0x080011b1   Thumb Code   186  stm32g0xx_hal_adc.o(i.HAL_ADC_Start_DMA)
    HAL_CRCEx_Polynomial_Set                 0x0800127d   Thumb Code   106  stm32g0xx_hal_crc_ex.o(i.HAL_CRCEx_Polynomial_Set)
    HAL_CRC_Calculate                        0x080012e7   Thumb Code   108  stm32g0xx_hal_crc.o(i.HAL_CRC_Calculate)
    HAL_CRC_Init                             0x08001355   Thumb Code   134  stm32g0xx_hal_crc.o(i.HAL_CRC_Init)
    HAL_CRC_MspInit                          0x080013e1   Thumb Code    40  crc.o(i.HAL_CRC_MspInit)
    HAL_DMA_Abort                            0x08001411   Thumb Code   146  stm32g0xx_hal_dma.o(i.HAL_DMA_Abort)
    HAL_DMA_Abort_IT                         0x080014a9   Thumb Code   144  stm32g0xx_hal_dma.o(i.HAL_DMA_Abort_IT)
    HAL_DMA_IRQHandler                       0x0800153d   Thumb Code   282  stm32g0xx_hal_dma.o(i.HAL_DMA_IRQHandler)
    HAL_DMA_Init                             0x0800165d   Thumb Code   182  stm32g0xx_hal_dma.o(i.HAL_DMA_Init)
    HAL_DMA_Start_IT                         0x0800171d   Thumb Code   204  stm32g0xx_hal_dma.o(i.HAL_DMA_Start_IT)
    HAL_Delay                                0x080017e9   Thumb Code    38  stm32g0xx_hal.o(i.HAL_Delay)
    HAL_GPIO_Init                            0x08001815   Thumb Code   454  stm32g0xx_hal_gpio.o(i.HAL_GPIO_Init)
    HAL_GPIO_TogglePin                       0x080019ed   Thumb Code    20  stm32g0xx_hal_gpio.o(i.HAL_GPIO_TogglePin)
    HAL_GPIO_WritePin                        0x08001a01   Thumb Code    12  stm32g0xx_hal_gpio.o(i.HAL_GPIO_WritePin)
    HAL_GetTick                              0x08001a0d   Thumb Code     6  stm32g0xx_hal.o(i.HAL_GetTick)
    HAL_IncTick                              0x08001a19   Thumb Code    16  stm32g0xx_hal.o(i.HAL_IncTick)
    HAL_Init                                 0x08001a31   Thumb Code    40  stm32g0xx_hal.o(i.HAL_Init)
    HAL_InitTick                             0x08001a5d   Thumb Code    82  stm32g0xx_hal.o(i.HAL_InitTick)
    HAL_MspInit                              0x08001abd   Thumb Code    76  stm32g0xx_hal_msp.o(i.HAL_MspInit)
    HAL_NVIC_EnableIRQ                       0x08001b0d   Thumb Code    30  stm32g0xx_hal_cortex.o(i.HAL_NVIC_EnableIRQ)
    HAL_NVIC_SetPriority                     0x08001b31   Thumb Code    18  stm32g0xx_hal_cortex.o(i.HAL_NVIC_SetPriority)
    HAL_PWREx_ControlVoltageScaling          0x08001b45   Thumb Code    76  stm32g0xx_hal_pwr_ex.o(i.HAL_PWREx_ControlVoltageScaling)
    HAL_RCCEx_PeriphCLKConfig                0x08001b9d   Thumb Code   474  stm32g0xx_hal_rcc_ex.o(i.HAL_RCCEx_PeriphCLKConfig)
    HAL_RCC_ClockConfig                      0x08001d85   Thumb Code   442  stm32g0xx_hal_rcc.o(i.HAL_RCC_ClockConfig)
    HAL_RCC_GetHCLKFreq                      0x08001f59   Thumb Code     6  stm32g0xx_hal_rcc.o(i.HAL_RCC_GetHCLKFreq)
    HAL_RCC_GetPCLK1Freq                     0x08001f65   Thumb Code    32  stm32g0xx_hal_rcc.o(i.HAL_RCC_GetPCLK1Freq)
    HAL_RCC_GetSysClockFreq                  0x08001f8d   Thumb Code   216  stm32g0xx_hal_rcc.o(i.HAL_RCC_GetSysClockFreq)
    HAL_RCC_OscConfig                        0x08002071   Thumb Code  1434  stm32g0xx_hal_rcc.o(i.HAL_RCC_OscConfig)
    HAL_SYSCFG_EnableRemap                   0x0800261d   Thumb Code    12  stm32g0xx_hal.o(i.HAL_SYSCFG_EnableRemap)
    HAL_SYSTICK_Config                       0x0800262d   Thumb Code    46  stm32g0xx_hal_cortex.o(i.HAL_SYSTICK_Config)
    HAL_TIMEx_Break2Callback                 0x08002665   Thumb Code     2  stm32g0xx_hal_tim_ex.o(i.HAL_TIMEx_Break2Callback)
    HAL_TIMEx_BreakCallback                  0x08002667   Thumb Code     2  stm32g0xx_hal_tim_ex.o(i.HAL_TIMEx_BreakCallback)
    HAL_TIMEx_CommutCallback                 0x08002669   Thumb Code     2  stm32g0xx_hal_tim_ex.o(i.HAL_TIMEx_CommutCallback)
    HAL_TIMEx_MasterConfigSynchronization    0x0800266d   Thumb Code   132  stm32g0xx_hal_tim_ex.o(i.HAL_TIMEx_MasterConfigSynchronization)
    HAL_TIM_Base_Init                        0x080026f9   Thumb Code   108  stm32g0xx_hal_tim.o(i.HAL_TIM_Base_Init)
    HAL_TIM_Base_MspInit                     0x08002765   Thumb Code   116  tim.o(i.HAL_TIM_Base_MspInit)
    HAL_TIM_Base_Start                       0x080027e5   Thumb Code    84  stm32g0xx_hal_tim.o(i.HAL_TIM_Base_Start)
    HAL_TIM_Base_Start_IT                    0x08002845   Thumb Code    96  stm32g0xx_hal_tim.o(i.HAL_TIM_Base_Start_IT)
    HAL_TIM_ConfigClockSource                0x080028b1   Thumb Code   276  stm32g0xx_hal_tim.o(i.HAL_TIM_ConfigClockSource)
    HAL_TIM_IC_CaptureCallback               0x080029c9   Thumb Code     2  stm32g0xx_hal_tim.o(i.HAL_TIM_IC_CaptureCallback)
    HAL_TIM_IRQHandler                       0x080029cd   Thumb Code   498  stm32g0xx_hal_tim.o(i.HAL_TIM_IRQHandler)
    HAL_TIM_OC_DelayElapsedCallback          0x08002bc5   Thumb Code     2  stm32g0xx_hal_tim.o(i.HAL_TIM_OC_DelayElapsedCallback)
    HAL_TIM_PWM_PulseFinishedCallback        0x08002bc7   Thumb Code     2  stm32g0xx_hal_tim.o(i.HAL_TIM_PWM_PulseFinishedCallback)
    HAL_TIM_PeriodElapsedCallback            0x08002bc9   Thumb Code   232  usart.o(i.HAL_TIM_PeriodElapsedCallback)
    HAL_TIM_TriggerCallback                  0x08002cd1   Thumb Code     2  stm32g0xx_hal_tim.o(i.HAL_TIM_TriggerCallback)
    HAL_UARTEx_DisableFifoMode               0x08002cd3   Thumb Code    84  stm32g0xx_hal_uart_ex.o(i.HAL_UARTEx_DisableFifoMode)
    HAL_UARTEx_RxEventCallback               0x08002d27   Thumb Code     2  stm32g0xx_hal_uart.o(i.HAL_UARTEx_RxEventCallback)
    HAL_UARTEx_RxFifoFullCallback            0x08002d29   Thumb Code     2  stm32g0xx_hal_uart_ex.o(i.HAL_UARTEx_RxFifoFullCallback)
    HAL_UARTEx_SetRxFifoThreshold            0x08002d2b   Thumb Code    96  stm32g0xx_hal_uart_ex.o(i.HAL_UARTEx_SetRxFifoThreshold)
    HAL_UARTEx_SetTxFifoThreshold            0x08002d8b   Thumb Code    94  stm32g0xx_hal_uart_ex.o(i.HAL_UARTEx_SetTxFifoThreshold)
    HAL_UARTEx_TxFifoEmptyCallback           0x08002de9   Thumb Code     2  stm32g0xx_hal_uart_ex.o(i.HAL_UARTEx_TxFifoEmptyCallback)
    HAL_UARTEx_WakeupCallback                0x08002deb   Thumb Code     2  stm32g0xx_hal_uart_ex.o(i.HAL_UARTEx_WakeupCallback)
    HAL_UART_ErrorCallback                   0x08002ded   Thumb Code     2  stm32g0xx_hal_uart.o(i.HAL_UART_ErrorCallback)
    HAL_UART_IRQHandler                      0x08002df1   Thumb Code  1094  stm32g0xx_hal_uart.o(i.HAL_UART_IRQHandler)
    HAL_UART_Init                            0x08003237   Thumb Code   130  stm32g0xx_hal_uart.o(i.HAL_UART_Init)
    HAL_UART_MspInit                         0x080032b9   Thumb Code   286  usart.o(i.HAL_UART_MspInit)
    HAL_UART_Receive_DMA                     0x080033ed   Thumb Code   126  stm32g0xx_hal_uart.o(i.HAL_UART_Receive_DMA)
    HAL_UART_RxCpltCallback                  0x0800346d   Thumb Code    12  usart_dispose.o(i.HAL_UART_RxCpltCallback)
    HAL_UART_RxHalfCpltCallback              0x0800347d   Thumb Code     2  stm32g0xx_hal_uart.o(i.HAL_UART_RxHalfCpltCallback)
    HAL_UART_Transmit_DMA                    0x08003481   Thumb Code   192  stm32g0xx_hal_uart.o(i.HAL_UART_Transmit_DMA)
    HAL_UART_TxCpltCallback                  0x0800354d   Thumb Code     2  usart_dispose.o(i.HAL_UART_TxCpltCallback)
    HAL_UART_TxHalfCpltCallback              0x0800354f   Thumb Code     2  stm32g0xx_hal_uart.o(i.HAL_UART_TxHalfCpltCallback)
    HardFault_Handler                        0x08003551   Thumb Code     4  stm32g0xx_it.o(i.HardFault_Handler)
    MX_ADC1_Init                             0x08003619   Thumb Code   258  adc.o(i.MX_ADC1_Init)
    MX_CRC_Init                              0x08003739   Thumb Code    44  crc.o(i.MX_CRC_Init)
    MX_DMA_Init                              0x0800376d   Thumb Code    64  dma.o(i.MX_DMA_Init)
    MX_GPIO_Init                             0x080037b1   Thumb Code   108  gpio.o(i.MX_GPIO_Init)
    MX_TIM1_Init                             0x08003825   Thumb Code   112  tim.o(i.MX_TIM1_Init)
    MX_TIM3_Init                             0x080038a5   Thumb Code   110  tim.o(i.MX_TIM3_Init)
    MX_USART1_UART_Init                      0x08003925   Thumb Code   106  usart.o(i.MX_USART1_UART_Init)
    NMI_Handler                              0x08003999   Thumb Code     4  stm32g0xx_it.o(i.NMI_Handler)
    PendSV_Handler                           0x0800399d   Thumb Code     2  stm32g0xx_it.o(i.PendSV_Handler)
    SVC_Handler                              0x0800399f   Thumb Code     2  stm32g0xx_it.o(i.SVC_Handler)
    SysTick_Handler                          0x080039a1   Thumb Code     8  stm32g0xx_it.o(i.SysTick_Handler)
    SystemClock_Config                       0x080039a9   Thumb Code   118  main.o(i.SystemClock_Config)
    SystemInit                               0x08003a1f   Thumb Code     2  system_stm32g0xx.o(i.SystemInit)
    TIM1_BRK_UP_TRG_COM_IRQHandler           0x08003a21   Thumb Code    10  stm32g0xx_it.o(i.TIM1_BRK_UP_TRG_COM_IRQHandler)
    TIM1_CC_IRQHandler                       0x08003a31   Thumb Code    10  stm32g0xx_it.o(i.TIM1_CC_IRQHandler)
    TIM_Base_SetConfig                       0x08003a41   Thumb Code   122  stm32g0xx_hal_tim.o(i.TIM_Base_SetConfig)
    TIM_ETR_SetConfig                        0x08003ad1   Thumb Code    28  stm32g0xx_hal_tim.o(i.TIM_ETR_SetConfig)
    UART_AdvFeatureConfig                    0x08003bd1   Thumb Code   240  stm32g0xx_hal_uart.o(i.UART_AdvFeatureConfig)
    UART_CheckIdleState                      0x08003cc1   Thumb Code   118  stm32g0xx_hal_uart.o(i.UART_CheckIdleState)
    UART_SetConfig                           0x08004025   Thumb Code   452  stm32g0xx_hal_uart.o(i.UART_SetConfig)
    UART_Start_Receive_DMA                   0x08004209   Thumb Code   218  stm32g0xx_hal_uart.o(i.UART_Start_Receive_DMA)
    UART_WaitOnFlagUntilTimeout              0x080042f1   Thumb Code   288  stm32g0xx_hal_uart.o(i.UART_WaitOnFlagUntilTimeout)
    USART1_IRQHandler                        0x08004411   Thumb Code    14  stm32g0xx_it.o(i.USART1_IRQHandler)
    X_Start_IDLE_DMA                         0x08004425   Thumb Code    38  usart_dispose.o(i.X_Start_IDLE_DMA)
    X_UART1_Get_NewBuf                       0x08004459   Thumb Code   150  usart_dispose.o(i.X_UART1_Get_NewBuf)
    X_Uart_IDLE_IT_Dispose                   0x08004501   Thumb Code    46  usart_dispose.o(i.X_Uart_IDLE_IT_Dispose)
    main                                     0x080045bd   Thumb Code    78  main.o(i.main)
    UARTPrescTable                           0x08004622   Data          24  stm32g0xx_hal_uart.o(.constdata)
    AHBPrescTable                            0x08004658   Data          64  system_stm32g0xx.o(.constdata)
    APBPrescTable                            0x08004698   Data          32  system_stm32g0xx.o(.constdata)
    Region$$Table$$Base                      0x080046b8   Number         0  anon$$obj.o(Region$$Table)
    Region$$Table$$Limit                     0x080046d8   Number         0  anon$$obj.o(Region$$Table)
    uwTick                                   0x20000000   Data           4  stm32g0xx_hal.o(.data)
    uwTickPrio                               0x20000004   Data           4  stm32g0xx_hal.o(.data)
    uwTickFreq                               0x20000008   Data           1  stm32g0xx_hal.o(.data)
    SystemCoreClock                          0x2000000c   Data           4  system_stm32g0xx.o(.data)
    XUART1_Writ_p                            0x20000010   Data           2  usart_dispose.o(.data)
    XUART1_Read_p                            0x20000012   Data           2  usart_dispose.o(.data)
    XUART2_Writ_p                            0x20000014   Data           2  usart_dispose.o(.data)
    XUART2_Read_p                            0x20000016   Data           2  usart_dispose.o(.data)
    XUART3_Writ_p                            0x20000018   Data           2  usart_dispose.o(.data)
    XUART3_Read_p                            0x2000001a   Data           2  usart_dispose.o(.data)
    Modbus_Slave_Addr                        0x2000001c   Data           1  usart_dispose.o(.data)
    DMA_TATA_BUFFER                          0x20000028   Data          12  adc.o(.bss)
    hadc1                                    0x20000034   Data         100  adc.o(.bss)
    hdma_adc1                                0x20000098   Data          92  adc.o(.bss)
    hcrc                                     0x200000f4   Data          36  crc.o(.bss)
    htim1                                    0x20000118   Data          76  tim.o(.bss)
    htim3                                    0x20000164   Data          76  tim.o(.bss)
    recv_buf                                 0x200001b0   Data         128  usart.o(.bss)
    huart1                                   0x20000230   Data         148  usart.o(.bss)
    hdma_usart1_rx                           0x200002c4   Data          92  usart.o(.bss)
    hdma_usart1_tx                           0x20000320   Data          92  usart.o(.bss)
    send_res                                 0x2000037c   Data          16  usart.o(.bss)
    XUART1_Buf                               0x2000038c   Data         512  usart_dispose.o(.bss)
    XUART2_Buf                               0x2000058c   Data         512  usart_dispose.o(.bss)
    XUART3_Buf                               0x2000078c   Data         512  usart_dispose.o(.bss)
    __libspace_start                         0x2000098c   Data          96  libspace.o(.bss)
    __temporary_stack_top$libspace           0x200009ec   Data           0  libspace.o(.bss)



==============================================================================

Memory Map of the image

  Image Entry point : 0x080000c1

  Load Region LR_IROM1 (Base: 0x08000000, Size: 0x00004700, Max: 0x00008000, ABSOLUTE)

    Execution Region ER_IROM1 (Exec base: 0x08000000, Load base: 0x08000000, Size: 0x000046d8, Max: 0x00008000, ABSOLUTE)

    Exec Addr    Load Addr    Size         Type   Attr      Idx    E Section Name        Object

    0x08000000   0x08000000   0x000000c0   Data   RO            3    RESET               startup_stm32g030xx.o
    0x080000c0   0x080000c0   0x00000008   Code   RO         4031  * !!!main             c_p.l(__main.o)
    0x080000c8   0x080000c8   0x0000003c   Code   RO         4224    !!!scatter          c_p.l(__scatter.o)
    0x08000104   0x08000104   0x0000001a   Code   RO         4226    !!handler_copy      c_p.l(__scatter_copy.o)
    0x0800011e   0x0800011e   0x00000002   PAD
    0x08000120   0x08000120   0x0000001c   Code   RO         4228    !!handler_zi        c_p.l(__scatter_zi.o)
    0x0800013c   0x0800013c   0x00000002   Code   RO         4091    .ARM.Collect$$libinit$$00000000  c_p.l(libinit.o)
    0x0800013e   0x0800013e   0x00000000   Code   RO         4107    .ARM.Collect$$libinit$$00000002  c_p.l(libinit2.o)
    0x0800013e   0x0800013e   0x00000000   Code   RO         4109    .ARM.Collect$$libinit$$00000004  c_p.l(libinit2.o)
    0x0800013e   0x0800013e   0x00000000   Code   RO         4112    .ARM.Collect$$libinit$$0000000A  c_p.l(libinit2.o)
    0x0800013e   0x0800013e   0x00000000   Code   RO         4114    .ARM.Collect$$libinit$$0000000C  c_p.l(libinit2.o)
    0x0800013e   0x0800013e   0x00000000   Code   RO         4116    .ARM.Collect$$libinit$$0000000E  c_p.l(libinit2.o)
    0x0800013e   0x0800013e   0x00000000   Code   RO         4119    .ARM.Collect$$libinit$$00000011  c_p.l(libinit2.o)
    0x0800013e   0x0800013e   0x00000000   Code   RO         4121    .ARM.Collect$$libinit$$00000013  c_p.l(libinit2.o)
    0x0800013e   0x0800013e   0x00000000   Code   RO         4123    .ARM.Collect$$libinit$$00000015  c_p.l(libinit2.o)
    0x0800013e   0x0800013e   0x00000000   Code   RO         4125    .ARM.Collect$$libinit$$00000017  c_p.l(libinit2.o)
    0x0800013e   0x0800013e   0x00000000   Code   RO         4127    .ARM.Collect$$libinit$$00000019  c_p.l(libinit2.o)
    0x0800013e   0x0800013e   0x00000000   Code   RO         4129    .ARM.Collect$$libinit$$0000001B  c_p.l(libinit2.o)
    0x0800013e   0x0800013e   0x00000000   Code   RO         4131    .ARM.Collect$$libinit$$0000001D  c_p.l(libinit2.o)
    0x0800013e   0x0800013e   0x00000000   Code   RO         4133    .ARM.Collect$$libinit$$0000001F  c_p.l(libinit2.o)
    0x0800013e   0x0800013e   0x00000000   Code   RO         4135    .ARM.Collect$$libinit$$00000021  c_p.l(libinit2.o)
    0x0800013e   0x0800013e   0x00000000   Code   RO         4137    .ARM.Collect$$libinit$$00000023  c_p.l(libinit2.o)
    0x0800013e   0x0800013e   0x00000000   Code   RO         4139    .ARM.Collect$$libinit$$00000025  c_p.l(libinit2.o)
    0x0800013e   0x0800013e   0x00000000   Code   RO         4143    .ARM.Collect$$libinit$$0000002C  c_p.l(libinit2.o)
    0x0800013e   0x0800013e   0x00000000   Code   RO         4145    .ARM.Collect$$libinit$$0000002E  c_p.l(libinit2.o)
    0x0800013e   0x0800013e   0x00000000   Code   RO         4147    .ARM.Collect$$libinit$$00000030  c_p.l(libinit2.o)
    0x0800013e   0x0800013e   0x00000000   Code   RO         4149    .ARM.Collect$$libinit$$00000032  c_p.l(libinit2.o)
    0x0800013e   0x0800013e   0x00000002   Code   RO         4150    .ARM.Collect$$libinit$$00000033  c_p.l(libinit2.o)
    0x08000140   0x08000140   0x00000002   Code   RO         4181    .ARM.Collect$$libshutdown$$00000000  c_p.l(libshutdown.o)
    0x08000142   0x08000142   0x00000000   Code   RO         4207    .ARM.Collect$$libshutdown$$00000002  c_p.l(libshutdown2.o)
    0x08000142   0x08000142   0x00000000   Code   RO         4209    .ARM.Collect$$libshutdown$$00000004  c_p.l(libshutdown2.o)
    0x08000142   0x08000142   0x00000000   Code   RO         4212    .ARM.Collect$$libshutdown$$00000007  c_p.l(libshutdown2.o)
    0x08000142   0x08000142   0x00000000   Code   RO         4215    .ARM.Collect$$libshutdown$$0000000A  c_p.l(libshutdown2.o)
    0x08000142   0x08000142   0x00000000   Code   RO         4217    .ARM.Collect$$libshutdown$$0000000C  c_p.l(libshutdown2.o)
    0x08000142   0x08000142   0x00000000   Code   RO         4220    .ARM.Collect$$libshutdown$$0000000F  c_p.l(libshutdown2.o)
    0x08000142   0x08000142   0x00000002   Code   RO         4221    .ARM.Collect$$libshutdown$$00000010  c_p.l(libshutdown2.o)
    0x08000144   0x08000144   0x00000000   Code   RO         4048    .ARM.Collect$$rtentry$$00000000  c_p.l(__rtentry.o)
    0x08000144   0x08000144   0x00000000   Code   RO         4057    .ARM.Collect$$rtentry$$00000002  c_p.l(__rtentry2.o)
    0x08000144   0x08000144   0x00000006   Code   RO         4069    .ARM.Collect$$rtentry$$00000004  c_p.l(__rtentry4.o)
    0x0800014a   0x0800014a   0x00000000   Code   RO         4059    .ARM.Collect$$rtentry$$00000009  c_p.l(__rtentry2.o)
    0x0800014a   0x0800014a   0x00000004   Code   RO         4060    .ARM.Collect$$rtentry$$0000000A  c_p.l(__rtentry2.o)
    0x0800014e   0x0800014e   0x00000000   Code   RO         4062    .ARM.Collect$$rtentry$$0000000C  c_p.l(__rtentry2.o)
    0x0800014e   0x0800014e   0x00000008   Code   RO         4063    .ARM.Collect$$rtentry$$0000000D  c_p.l(__rtentry2.o)
    0x08000156   0x08000156   0x00000002   Code   RO         4098    .ARM.Collect$$rtexit$$00000000  c_p.l(rtexit.o)
    0x08000158   0x08000158   0x00000000   Code   RO         4154    .ARM.Collect$$rtexit$$00000002  c_p.l(rtexit2.o)
    0x08000158   0x08000158   0x00000004   Code   RO         4155    .ARM.Collect$$rtexit$$00000003  c_p.l(rtexit2.o)
    0x0800015c   0x0800015c   0x00000006   Code   RO         4156    .ARM.Collect$$rtexit$$00000004  c_p.l(rtexit2.o)
    0x08000162   0x08000162   0x00000002   PAD
    0x08000164   0x08000164   0x00000038   Code   RO            4    .text               startup_stm32g030xx.o
    0x0800019c   0x0800019c   0x00000040   Code   RO         4019    .text               c_p.l(rt_memclr.o)
    0x080001dc   0x080001dc   0x00000022   Code   RO         4021    .text               c_p.l(uread4.o)
    0x080001fe   0x080001fe   0x00000010   Code   RO         4023    .text               c_p.l(uwrite4.o)
    0x0800020e   0x0800020e   0x0000015a   Code   RO         4025    .text               c_p.l(aeabi_sdiv.o)
    0x08000368   0x08000368   0x00000006   Code   RO         4029    .text               c_p.l(heapauxi.o)
    0x0800036e   0x0800036e   0x0000003e   Code   RO         4077    .text               c_p.l(sys_stackheap_outer.o)
    0x080003ac   0x080003ac   0x00000010   Code   RO         4080    .text               c_p.l(exit.o)
    0x080003bc   0x080003bc   0x00000008   Code   RO         4094    .text               c_p.l(libspace.o)
    0x080003c4   0x080003c4   0x0000000c   Code   RO         4151    .text               c_p.l(sys_exit.o)
    0x080003d0   0x080003d0   0x00000002   Code   RO         4170    .text               c_p.l(use_no_semi.o)
    0x080003d2   0x080003d2   0x00000000   Code   RO         4172    .text               c_p.l(indicate_semi.o)
    0x080003d2   0x080003d2   0x00000002   PAD
    0x080003d4   0x080003d4   0x00000010   Code   RO          444    i.ADC1_IRQHandler   stm32g0xx_it.o
    0x080003e4   0x080003e4   0x00000090   Code   RO          553    i.ADC_DMAConvCplt   stm32g0xx_hal_adc.o
    0x08000474   0x08000474   0x0000001e   Code   RO          554    i.ADC_DMAError      stm32g0xx_hal_adc.o
    0x08000492   0x08000492   0x0000000e   Code   RO          555    i.ADC_DMAHalfConvCplt  stm32g0xx_hal_adc.o
    0x080004a0   0x080004a0   0x0000008a   Code   RO          556    i.ADC_Disable       stm32g0xx_hal_adc.o
    0x0800052a   0x0800052a   0x00000002   PAD
    0x0800052c   0x0800052c   0x000000d8   Code   RO          557    i.ADC_Enable        stm32g0xx_hal_adc.o
    0x08000604   0x08000604   0x0000003c   Code   RO         2038    i.CRC_Handle_16     stm32g0xx_hal_crc.o
    0x08000640   0x08000640   0x00000096   Code   RO         2039    i.CRC_Handle_8      stm32g0xx_hal_crc.o
    0x080006d6   0x080006d6   0x00000002   PAD
    0x080006d8   0x080006d8   0x00000010   Code   RO          445    i.DMA1_Channel1_IRQHandler  stm32g0xx_it.o
    0x080006e8   0x080006e8   0x00000018   Code   RO          446    i.DMA1_Channel2_3_IRQHandler  stm32g0xx_it.o
    0x08000700   0x08000700   0x00000034   Code   RO         1305    i.DMA_CalcDMAMUXChannelBaseAndMask  stm32g0xx_hal_dma.o
    0x08000734   0x08000734   0x00000028   Code   RO         1306    i.DMA_CalcDMAMUXRequestGenBaseAndMask  stm32g0xx_hal_dma.o
    0x0800075c   0x0800075c   0x0000004c   Code   RO         1307    i.DMA_SetConfig     stm32g0xx_hal_dma.o
    0x080007a8   0x080007a8   0x00000006   Code   RO           12    i.Error_Handler     main.o
    0x080007ae   0x080007ae   0x00000002   PAD
    0x080007b0   0x080007b0   0x00000164   Code   RO          798    i.HAL_ADCEx_Calibration_Start  stm32g0xx_hal_adc_ex.o
    0x08000914   0x08000914   0x00000002   Code   RO          799    i.HAL_ADCEx_ChannelConfigReadyCallback  stm32g0xx_hal_adc_ex.o
    0x08000916   0x08000916   0x00000002   Code   RO          801    i.HAL_ADCEx_EndOfSamplingCallback  stm32g0xx_hal_adc_ex.o
    0x08000918   0x08000918   0x00000002   Code   RO          802    i.HAL_ADCEx_LevelOutOfWindow2Callback  stm32g0xx_hal_adc_ex.o
    0x0800091a   0x0800091a   0x00000002   Code   RO          803    i.HAL_ADCEx_LevelOutOfWindow3Callback  stm32g0xx_hal_adc_ex.o
    0x0800091c   0x0800091c   0x00000364   Code   RO          559    i.HAL_ADC_ConfigChannel  stm32g0xx_hal_adc.o
    0x08000c80   0x08000c80   0x0000001c   Code   RO          222    i.HAL_ADC_ConvCpltCallback  adc.o
    0x08000c9c   0x08000c9c   0x00000002   Code   RO          561    i.HAL_ADC_ConvHalfCpltCallback  stm32g0xx_hal_adc.o
    0x08000c9e   0x08000c9e   0x00000002   Code   RO          563    i.HAL_ADC_ErrorCallback  stm32g0xx_hal_adc.o
    0x08000ca0   0x08000ca0   0x000001a8   Code   RO          567    i.HAL_ADC_IRQHandler  stm32g0xx_hal_adc.o
    0x08000e48   0x08000e48   0x00000298   Code   RO          568    i.HAL_ADC_Init      stm32g0xx_hal_adc.o
    0x080010e0   0x080010e0   0x00000002   Code   RO          569    i.HAL_ADC_LevelOutOfWindowCallback  stm32g0xx_hal_adc.o
    0x080010e2   0x080010e2   0x00000002   PAD
    0x080010e4   0x080010e4   0x000000cc   Code   RO          224    i.HAL_ADC_MspInit   adc.o
    0x080011b0   0x080011b0   0x000000cc   Code   RO          575    i.HAL_ADC_Start_DMA  stm32g0xx_hal_adc.o
    0x0800127c   0x0800127c   0x0000006a   Code   RO         2108    i.HAL_CRCEx_Polynomial_Set  stm32g0xx_hal_crc_ex.o
    0x080012e6   0x080012e6   0x0000006c   Code   RO         2041    i.HAL_CRC_Calculate  stm32g0xx_hal_crc.o
    0x08001352   0x08001352   0x00000002   PAD
    0x08001354   0x08001354   0x0000008c   Code   RO         2044    i.HAL_CRC_Init      stm32g0xx_hal_crc.o
    0x080013e0   0x080013e0   0x00000030   Code   RO          271    i.HAL_CRC_MspInit   crc.o
    0x08001410   0x08001410   0x00000098   Code   RO         1308    i.HAL_DMA_Abort     stm32g0xx_hal_dma.o
    0x080014a8   0x080014a8   0x00000094   Code   RO         1309    i.HAL_DMA_Abort_IT  stm32g0xx_hal_dma.o
    0x0800153c   0x0800153c   0x00000120   Code   RO         1313    i.HAL_DMA_IRQHandler  stm32g0xx_hal_dma.o
    0x0800165c   0x0800165c   0x000000c0   Code   RO         1314    i.HAL_DMA_Init      stm32g0xx_hal_dma.o
    0x0800171c   0x0800171c   0x000000cc   Code   RO         1318    i.HAL_DMA_Start_IT  stm32g0xx_hal_dma.o
    0x080017e8   0x080017e8   0x0000002c   Code   RO         1778    i.HAL_Delay         stm32g0xx_hal.o
    0x08001814   0x08001814   0x000001d8   Code   RO         1239    i.HAL_GPIO_Init     stm32g0xx_hal_gpio.o
    0x080019ec   0x080019ec   0x00000014   Code   RO         1242    i.HAL_GPIO_TogglePin  stm32g0xx_hal_gpio.o
    0x08001a00   0x08001a00   0x0000000c   Code   RO         1243    i.HAL_GPIO_WritePin  stm32g0xx_hal_gpio.o
    0x08001a0c   0x08001a0c   0x0000000c   Code   RO         1782    i.HAL_GetTick       stm32g0xx_hal.o
    0x08001a18   0x08001a18   0x00000018   Code   RO         1788    i.HAL_IncTick       stm32g0xx_hal.o
    0x08001a30   0x08001a30   0x0000002c   Code   RO         1789    i.HAL_Init          stm32g0xx_hal.o
    0x08001a5c   0x08001a5c   0x00000060   Code   RO         1790    i.HAL_InitTick      stm32g0xx_hal.o
    0x08001abc   0x08001abc   0x00000050   Code   RO          530    i.HAL_MspInit       stm32g0xx_hal_msp.o
    0x08001b0c   0x08001b0c   0x00000024   Code   RO         1664    i.HAL_NVIC_EnableIRQ  stm32g0xx_hal_cortex.o
    0x08001b30   0x08001b30   0x00000012   Code   RO         1668    i.HAL_NVIC_SetPriority  stm32g0xx_hal_cortex.o
    0x08001b42   0x08001b42   0x00000002   PAD
    0x08001b44   0x08001b44   0x00000058   Code   RO         1547    i.HAL_PWREx_ControlVoltageScaling  stm32g0xx_hal_pwr_ex.o
    0x08001b9c   0x08001b9c   0x000001e8   Code   RO          990    i.HAL_RCCEx_PeriphCLKConfig  stm32g0xx_hal_rcc_ex.o
    0x08001d84   0x08001d84   0x000001d4   Code   RO          872    i.HAL_RCC_ClockConfig  stm32g0xx_hal_rcc.o
    0x08001f58   0x08001f58   0x0000000c   Code   RO          878    i.HAL_RCC_GetHCLKFreq  stm32g0xx_hal_rcc.o
    0x08001f64   0x08001f64   0x00000028   Code   RO          880    i.HAL_RCC_GetPCLK1Freq  stm32g0xx_hal_rcc.o
    0x08001f8c   0x08001f8c   0x000000e4   Code   RO          882    i.HAL_RCC_GetSysClockFreq  stm32g0xx_hal_rcc.o
    0x08002070   0x08002070   0x000005ac   Code   RO          886    i.HAL_RCC_OscConfig  stm32g0xx_hal_rcc.o
    0x0800261c   0x0800261c   0x00000010   Code   RO         1799    i.HAL_SYSCFG_EnableRemap  stm32g0xx_hal.o
    0x0800262c   0x0800262c   0x00000038   Code   RO         1672    i.HAL_SYSTICK_Config  stm32g0xx_hal_cortex.o
    0x08002664   0x08002664   0x00000002   Code   RO         2865    i.HAL_TIMEx_Break2Callback  stm32g0xx_hal_tim_ex.o
    0x08002666   0x08002666   0x00000002   Code   RO         2866    i.HAL_TIMEx_BreakCallback  stm32g0xx_hal_tim_ex.o
    0x08002668   0x08002668   0x00000002   Code   RO         2867    i.HAL_TIMEx_CommutCallback  stm32g0xx_hal_tim_ex.o
    0x0800266a   0x0800266a   0x00000002   PAD
    0x0800266c   0x0800266c   0x0000008c   Code   RO         2888    i.HAL_TIMEx_MasterConfigSynchronization  stm32g0xx_hal_tim_ex.o
    0x080026f8   0x080026f8   0x0000006c   Code   RO         2142    i.HAL_TIM_Base_Init  stm32g0xx_hal_tim.o
    0x08002764   0x08002764   0x00000080   Code   RO          348    i.HAL_TIM_Base_MspInit  tim.o
    0x080027e4   0x080027e4   0x00000060   Code   RO         2145    i.HAL_TIM_Base_Start  stm32g0xx_hal_tim.o
    0x08002844   0x08002844   0x0000006c   Code   RO         2147    i.HAL_TIM_Base_Start_IT  stm32g0xx_hal_tim.o
    0x080028b0   0x080028b0   0x00000118   Code   RO         2151    i.HAL_TIM_ConfigClockSource  stm32g0xx_hal_tim.o
    0x080029c8   0x080029c8   0x00000002   Code   RO         2176    i.HAL_TIM_IC_CaptureCallback  stm32g0xx_hal_tim.o
    0x080029ca   0x080029ca   0x00000002   PAD
    0x080029cc   0x080029cc   0x000001f8   Code   RO         2190    i.HAL_TIM_IRQHandler  stm32g0xx_hal_tim.o
    0x08002bc4   0x08002bc4   0x00000002   Code   RO         2193    i.HAL_TIM_OC_DelayElapsedCallback  stm32g0xx_hal_tim.o
    0x08002bc6   0x08002bc6   0x00000002   Code   RO         2220    i.HAL_TIM_PWM_PulseFinishedCallback  stm32g0xx_hal_tim.o
    0x08002bc8   0x08002bc8   0x00000108   Code   RO          392    i.HAL_TIM_PeriodElapsedCallback  usart.o
    0x08002cd0   0x08002cd0   0x00000002   Code   RO         2233    i.HAL_TIM_TriggerCallback  stm32g0xx_hal_tim.o
    0x08002cd2   0x08002cd2   0x00000054   Code   RO         3597    i.HAL_UARTEx_DisableFifoMode  stm32g0xx_hal_uart_ex.o
    0x08002d26   0x08002d26   0x00000002   Code   RO         3175    i.HAL_UARTEx_RxEventCallback  stm32g0xx_hal_uart.o
    0x08002d28   0x08002d28   0x00000002   Code   RO         3605    i.HAL_UARTEx_RxFifoFullCallback  stm32g0xx_hal_uart_ex.o
    0x08002d2a   0x08002d2a   0x00000060   Code   RO         3606    i.HAL_UARTEx_SetRxFifoThreshold  stm32g0xx_hal_uart_ex.o
    0x08002d8a   0x08002d8a   0x0000005e   Code   RO         3607    i.HAL_UARTEx_SetTxFifoThreshold  stm32g0xx_hal_uart_ex.o
    0x08002de8   0x08002de8   0x00000002   Code   RO         3609    i.HAL_UARTEx_TxFifoEmptyCallback  stm32g0xx_hal_uart_ex.o
    0x08002dea   0x08002dea   0x00000002   Code   RO         3610    i.HAL_UARTEx_WakeupCallback  stm32g0xx_hal_uart_ex.o
    0x08002dec   0x08002dec   0x00000002   Code   RO         3191    i.HAL_UART_ErrorCallback  stm32g0xx_hal_uart.o
    0x08002dee   0x08002dee   0x00000002   PAD
    0x08002df0   0x08002df0   0x00000446   Code   RO         3194    i.HAL_UART_IRQHandler  stm32g0xx_hal_uart.o
    0x08003236   0x08003236   0x00000082   Code   RO         3195    i.HAL_UART_Init     stm32g0xx_hal_uart.o
    0x080032b8   0x080032b8   0x00000134   Code   RO          394    i.HAL_UART_MspInit  usart.o
    0x080033ec   0x080033ec   0x0000007e   Code   RO         3199    i.HAL_UART_Receive_DMA  stm32g0xx_hal_uart.o
    0x0800346a   0x0800346a   0x00000002   PAD
    0x0800346c   0x0800346c   0x00000010   Code   RO         3862    i.HAL_UART_RxCpltCallback  usart_dispose.o
    0x0800347c   0x0800347c   0x00000002   Code   RO         3203    i.HAL_UART_RxHalfCpltCallback  stm32g0xx_hal_uart.o
    0x0800347e   0x0800347e   0x00000002   PAD
    0x08003480   0x08003480   0x000000cc   Code   RO         3205    i.HAL_UART_Transmit_DMA  stm32g0xx_hal_uart.o
    0x0800354c   0x0800354c   0x00000002   Code   RO         3863    i.HAL_UART_TxCpltCallback  usart_dispose.o
    0x0800354e   0x0800354e   0x00000002   Code   RO         3208    i.HAL_UART_TxHalfCpltCallback  stm32g0xx_hal_uart.o
    0x08003550   0x08003550   0x00000004   Code   RO          447    i.HardFault_Handler  stm32g0xx_it.o
    0x08003554   0x08003554   0x00000010   Code   RO          580    i.LL_ADC_Disable    stm32g0xx_hal_adc.o
    0x08003564   0x08003564   0x00000010   Code   RO          581    i.LL_ADC_Enable     stm32g0xx_hal_adc.o
    0x08003574   0x08003574   0x0000000c   Code   RO          582    i.LL_ADC_GetCommonPathInternalCh  stm32g0xx_hal_adc.o
    0x08003580   0x08003580   0x0000000c   Code   RO          583    i.LL_ADC_IsDisableOngoing  stm32g0xx_hal_adc.o
    0x0800358c   0x0800358c   0x00000010   Code   RO          584    i.LL_ADC_IsEnabled  stm32g0xx_hal_adc.o
    0x0800359c   0x0800359c   0x00000010   Code   RO          804    i.LL_ADC_IsEnabled  stm32g0xx_hal_adc_ex.o
    0x080035ac   0x080035ac   0x0000000e   Code   RO          585    i.LL_ADC_IsInternalRegulatorEnabled  stm32g0xx_hal_adc.o
    0x080035ba   0x080035ba   0x0000000c   Code   RO          586    i.LL_ADC_REG_IsConversionOngoing  stm32g0xx_hal_adc.o
    0x080035c6   0x080035c6   0x00000016   Code   RO          587    i.LL_ADC_REG_IsTriggerSourceSWStart  stm32g0xx_hal_adc.o
    0x080035dc   0x080035dc   0x00000010   Code   RO          588    i.LL_ADC_REG_StartConversion  stm32g0xx_hal_adc.o
    0x080035ec   0x080035ec   0x0000000e   Code   RO          590    i.LL_ADC_SetCommonPathInternalCh  stm32g0xx_hal_adc.o
    0x080035fa   0x080035fa   0x0000001e   Code   RO          591    i.LL_ADC_SetSamplingTimeCommonChannels  stm32g0xx_hal_adc.o
    0x08003618   0x08003618   0x00000120   Code   RO          225    i.MX_ADC1_Init      adc.o
    0x08003738   0x08003738   0x00000034   Code   RO          272    i.MX_CRC_Init       crc.o
    0x0800376c   0x0800376c   0x00000044   Code   RO          325    i.MX_DMA_Init       dma.o
    0x080037b0   0x080037b0   0x00000074   Code   RO          200    i.MX_GPIO_Init      gpio.o
    0x08003824   0x08003824   0x00000080   Code   RO          349    i.MX_TIM1_Init      tim.o
    0x080038a4   0x080038a4   0x00000080   Code   RO          350    i.MX_TIM3_Init      tim.o
    0x08003924   0x08003924   0x00000074   Code   RO          395    i.MX_USART1_UART_Init  usart.o
    0x08003998   0x08003998   0x00000004   Code   RO          448    i.NMI_Handler       stm32g0xx_it.o
    0x0800399c   0x0800399c   0x00000002   Code   RO          449    i.PendSV_Handler    stm32g0xx_it.o
    0x0800399e   0x0800399e   0x00000002   Code   RO          450    i.SVC_Handler       stm32g0xx_it.o
    0x080039a0   0x080039a0   0x00000008   Code   RO          451    i.SysTick_Handler   stm32g0xx_it.o
    0x080039a8   0x080039a8   0x00000076   Code   RO           13    i.SystemClock_Config  main.o
    0x08003a1e   0x08003a1e   0x00000002   Code   RO         3728    i.SystemInit        system_stm32g0xx.o
    0x08003a20   0x08003a20   0x00000010   Code   RO          452    i.TIM1_BRK_UP_TRG_COM_IRQHandler  stm32g0xx_it.o
    0x08003a30   0x08003a30   0x00000010   Code   RO          453    i.TIM1_CC_IRQHandler  stm32g0xx_it.o
    0x08003a40   0x08003a40   0x00000090   Code   RO         2235    i.TIM_Base_SetConfig  stm32g0xx_hal_tim.o
    0x08003ad0   0x08003ad0   0x0000001c   Code   RO         2246    i.TIM_ETR_SetConfig  stm32g0xx_hal_tim.o
    0x08003aec   0x08003aec   0x00000018   Code   RO         2247    i.TIM_ITRx_SetConfig  stm32g0xx_hal_tim.o
    0x08003b04   0x08003b04   0x00000032   Code   RO         2255    i.TIM_TI1_ConfigInputStage  stm32g0xx_hal_tim.o
    0x08003b36   0x08003b36   0x00000032   Code   RO         2257    i.TIM_TI2_ConfigInputStage  stm32g0xx_hal_tim.o
    0x08003b68   0x08003b68   0x00000068   Code   RO         3611    i.UARTEx_SetNbDataToProcess  stm32g0xx_hal_uart_ex.o
    0x08003bd0   0x08003bd0   0x000000f0   Code   RO         3209    i.UART_AdvFeatureConfig  stm32g0xx_hal_uart.o
    0x08003cc0   0x08003cc0   0x0000007c   Code   RO         3210    i.UART_CheckIdleState  stm32g0xx_hal_uart.o
    0x08003d3c   0x08003d3c   0x00000018   Code   RO         3211    i.UART_DMAAbortOnError  stm32g0xx_hal_uart.o
    0x08003d54   0x08003d54   0x0000005a   Code   RO         3212    i.UART_DMAError     stm32g0xx_hal_uart.o
    0x08003dae   0x08003dae   0x000000cc   Code   RO         3213    i.UART_DMAReceiveCplt  stm32g0xx_hal_uart.o
    0x08003e7a   0x08003e7a   0x00000026   Code   RO         3215    i.UART_DMARxHalfCplt  stm32g0xx_hal_uart.o
    0x08003ea0   0x08003ea0   0x00000064   Code   RO         3217    i.UART_DMATransmitCplt  stm32g0xx_hal_uart.o
    0x08003f04   0x08003f04   0x0000000e   Code   RO         3219    i.UART_DMATxHalfCplt  stm32g0xx_hal_uart.o
    0x08003f12   0x08003f12   0x00000002   PAD
    0x08003f14   0x08003f14   0x00000084   Code   RO         3221    i.UART_EndRxTransfer  stm32g0xx_hal_uart.o
    0x08003f98   0x08003f98   0x00000038   Code   RO         3222    i.UART_EndTransmit_IT  stm32g0xx_hal_uart.o
    0x08003fd0   0x08003fd0   0x00000052   Code   RO         3223    i.UART_EndTxTransfer  stm32g0xx_hal_uart.o
    0x08004022   0x08004022   0x00000002   PAD
    0x08004024   0x08004024   0x000001e4   Code   RO         3228    i.UART_SetConfig    stm32g0xx_hal_uart.o
    0x08004208   0x08004208   0x000000e8   Code   RO         3229    i.UART_Start_Receive_DMA  stm32g0xx_hal_uart.o
    0x080042f0   0x080042f0   0x00000120   Code   RO         3235    i.UART_WaitOnFlagUntilTimeout  stm32g0xx_hal_uart.o
    0x08004410   0x08004410   0x00000014   Code   RO          454    i.USART1_IRQHandler  stm32g0xx_it.o
    0x08004424   0x08004424   0x00000034   Code   RO         3864    i.X_Start_IDLE_DMA  usart_dispose.o
    0x08004458   0x08004458   0x000000a8   Code   RO         3865    i.X_UART1_Get_NewBuf  usart_dispose.o
    0x08004500   0x08004500   0x00000038   Code   RO         3869    i.X_Uart_IDLE_IT_Dispose  usart_dispose.o
    0x08004538   0x08004538   0x00000078   Code   RO         1674    i.__NVIC_SetPriority  stm32g0xx_hal_cortex.o
    0x080045b0   0x080045b0   0x00000006   Code   RO         3236    i.__get_PRIMASK     stm32g0xx_hal_uart.o
    0x080045b6   0x080045b6   0x00000006   Code   RO         3237    i.__set_PRIMASK     stm32g0xx_hal_uart.o
    0x080045bc   0x080045bc   0x00000060   Code   RO           14    i.main              main.o
    0x0800461c   0x0800461c   0x0000001e   Data   RO         3238    .constdata          stm32g0xx_hal_uart.o
    0x0800463a   0x0800463a   0x00000015   Data   RO         3615    .constdata          stm32g0xx_hal_uart_ex.o
    0x0800464f   0x0800464f   0x00000001   PAD
    0x08004650   0x08004650   0x00000068   Data   RO         3729    .constdata          system_stm32g0xx.o
    0x080046b8   0x080046b8   0x00000020   Data   RO         4222    Region$$Table       anon$$obj.o


    Execution Region RW_IRAM1 (Exec base: 0x20000000, Load base: 0x080046d8, Size: 0x000015f0, Max: 0x00002000, ABSOLUTE)

    Exec Addr    Load Addr    Size         Type   Attr      Idx    E Section Name        Object

    0x20000000   0x080046d8   0x00000009   Data   RW         1803    .data               stm32g0xx_hal.o
    0x20000009   0x080046e1   0x00000003   PAD
    0x2000000c   0x080046e4   0x00000004   Data   RW         3730    .data               system_stm32g0xx.o
    0x20000010   0x080046e8   0x00000016   Data   RW         3872    .data               usart_dispose.o
    0x20000026   0x080046fe   0x00000002   PAD
    0x20000028        -       0x000000cc   Zero   RW          226    .bss                adc.o
    0x200000f4        -       0x00000024   Zero   RW          274    .bss                crc.o
    0x20000118        -       0x00000098   Zero   RW          351    .bss                tim.o
    0x200001b0        -       0x000001dc   Zero   RW          396    .bss                usart.o
    0x2000038c        -       0x00000600   Zero   RW         3870    .bss                usart_dispose.o
    0x2000098c        -       0x00000060   Zero   RW         4095    .bss                c_p.l(libspace.o)
    0x200009ec   0x080046fe   0x00000004   PAD
    0x200009f0        -       0x00000400   Zero   RW            2    HEAP                startup_stm32g030xx.o
    0x20000df0        -       0x00000800   Zero   RW            1    STACK               startup_stm32g030xx.o


==============================================================================

Image component sizes


      Code (inc. data)   RO Data    RW Data    ZI Data      Debug   Object Name

       520         46          0          0        204       2592   adc.o
       100         16          0          0         36       1583   crc.o
        68          4          0          0          0        718   dma.o
       116          8          0          0          0        835   gpio.o
       220         18          0          0          0     417797   main.o
         0          0          0          0          0       5720   modbus.o
        56         26        192          0       3072        624   startup_stm32g030xx.o
       236         42          0          9          0      16478   stm32g0xx_hal.o
      2888        106          0          0          0      47501   stm32g0xx_hal_adc.o
       380         14          0          0          0      36407   stm32g0xx_hal_adc_ex.o
       230         26          0          0          0      12069   stm32g0xx_hal_cortex.o
       458          6          0          0          0       3291   stm32g0xx_hal_crc.o
       106          0          0          0          0       1167   stm32g0xx_hal_crc_ex.o
      1152         40          0          0          0       5806   stm32g0xx_hal_dma.o
         0          0          0          0          0       2704   stm32g0xx_hal_flash.o
       504         18          0          0          0       2521   stm32g0xx_hal_gpio.o
        80          4          0          0          0        806   stm32g0xx_hal_msp.o
        88         12          0          0          0        730   stm32g0xx_hal_pwr_ex.o
      2200         96          0          0          0      20693   stm32g0xx_hal_rcc.o
       488         14          0          0          0       1560   stm32g0xx_hal_rcc_ex.o
      1400         62          0          0          0       9708   stm32g0xx_hal_tim.o
       146          8          0          0          0       2932   stm32g0xx_hal_tim_ex.o
      3682         86         30          0          0      37682   stm32g0xx_hal_uart.o
       384         10         21          0          0       5322   stm32g0xx_hal_uart_ex.o
       128         38          0          0          0       4803   stm32g0xx_it.o
         2          0        104          4          0       1107   system_stm32g0xx.o
       384         46          0          0        152       2283   tim.o
       688         64          0          0        476      13089   usart.o
       294         46          0         22       1536       6682   usart_dispose.o

    ----------------------------------------------------------------------
     17024        856        380         40       5476     665210   Object Totals
         0          0         32          0          0          0   (incl. Generated)
        26          0          1          5          0          0   (incl. Padding)

    ----------------------------------------------------------------------

      Code (inc. data)   RO Data    RW Data    ZI Data      Debug   Library Member Name

         8          0          0          0          0         68   __main.o
         0          0          0          0          0          0   __rtentry.o
        12          0          0          0          0          0   __rtentry2.o
         6          0          0          0          0          0   __rtentry4.o
        60          8          0          0          0          0   __scatter.o
        26          0          0          0          0          0   __scatter_copy.o
        28          0          0          0          0          0   __scatter_zi.o
       346          0          0          0          0         92   aeabi_sdiv.o
        16          0          0          0          0         68   exit.o
         6          0          0          0          0        136   heapauxi.o
         0          0          0          0          0          0   indicate_semi.o
         2          0          0          0          0          0   libinit.o
         2          0          0          0          0          0   libinit2.o
         2          0          0          0          0          0   libshutdown.o
         2          0          0          0          0          0   libshutdown2.o
         8          4          0          0         96         68   libspace.o
        64          0          0          0          0        108   rt_memclr.o
         2          0          0          0          0          0   rtexit.o
        10          0          0          0          0          0   rtexit2.o
        12          4          0          0          0         60   sys_exit.o
        62          0          0          0          0         80   sys_stackheap_outer.o
        34          0          0          0          0         60   uread4.o
         2          0          0          0          0         68   use_no_semi.o
        16          0          0          0          0         60   uwrite4.o

    ----------------------------------------------------------------------
       732         16          0          0        100        868   Library Totals
         6          0          0          0          4          0   (incl. Padding)

    ----------------------------------------------------------------------

      Code (inc. data)   RO Data    RW Data    ZI Data      Debug   Library Name

       726         16          0          0         96        868   c_p.l

    ----------------------------------------------------------------------
       732         16          0          0        100        868   Library Totals

    ----------------------------------------------------------------------

==============================================================================


      Code (inc. data)   RO Data    RW Data    ZI Data      Debug   

     17756        872        380         40       5576     659598   Grand Totals
     17756        872        380         40       5576     659598   ELF Image Totals
     17756        872        380         40          0          0   ROM Totals

==============================================================================

    Total RO  Size (Code + RO Data)                18136 (  17.71kB)
    Total RW  Size (RW Data + ZI Data)              5616 (   5.48kB)
    Total ROM Size (Code + RO Data + RW Data)      18176 (  17.75kB)

==============================================================================

